../App/src/tinyuf2/lib/tinyusb/src/class/hid/hid_device.c:77:6:tud_hid_n_ready	8	static
../App/src/tinyuf2/lib/tinyusb/src/class/hid/hid_device.c:84:6:tud_hid_n_report	32	static
../App/src/tinyuf2/lib/tinyusb/src/class/hid/hid_device.c:110:9:tud_hid_n_interface_protocol	0	static
../App/src/tinyuf2/lib/tinyusb/src/class/hid/hid_device.c:115:9:tud_hid_n_get_protocol	0	static
../App/src/tinyuf2/lib/tinyusb/src/class/hid/hid_device.c:120:6:tud_hid_n_keyboard_report	16	static
../App/src/tinyuf2/lib/tinyusb/src/class/hid/hid_device.c:138:6:tud_hid_n_mouse_report	16	static
../App/src/tinyuf2/lib/tinyusb/src/class/hid/hid_device.c:153:6:tud_hid_n_gamepad_report	24	static
../App/src/tinyuf2/lib/tinyusb/src/class/hid/hid_device.c:179:6:hidd_reset	0	static
../App/src/tinyuf2/lib/tinyusb/src/class/hid/hid_device.c:174:6:hidd_init	0	static
../App/src/tinyuf2/lib/tinyusb/src/class/hid/hid_device.c:185:10:hidd_open	32	static,ignoring_inline_asm
../App/src/tinyuf2/lib/tinyusb/src/class/hid/hid_device.c:242:6:hidd_control_xfer_cb	32	static,ignoring_inline_asm
../App/src/tinyuf2/lib/tinyusb/src/class/hid/hid_device.c:386:6:hidd_xfer_cb	24	static,ignoring_inline_asm
