../App/src/tinyuf2/lib/tinyusb/src/device/usbd.c:246:43:get_driver	0	static
../App/src/tinyuf2/lib/tinyusb/src/device/usbd.c:609:13:invoke_class_control	16	static
../App/src/tinyuf2/lib/tinyusb/src/device/usbd.c:430:13:configuration_reset	16	static,ignoring_inline_asm
../App/src/tinyuf2/lib/tinyusb/src/device/usbd.c:1141:6:usbd_int_set	0	static
../App/src/tinyuf2/lib/tinyusb/src/device/usbd.c:334:14:tud_speed_get	0	static
../App/src/tinyuf2/lib/tinyusb/src/device/usbd.c:339:6:tud_connected	0	static
../App/src/tinyuf2/lib/tinyusb/src/device/usbd.c:344:6:tud_mounted	0	static
../App/src/tinyuf2/lib/tinyusb/src/device/usbd.c:349:6:tud_suspended	0	static
../App/src/tinyuf2/lib/tinyusb/src/device/usbd.c:354:6:tud_remote_wakeup	8	static
../App/src/tinyuf2/lib/tinyusb/src/device/usbd.c:362:6:tud_disconnect	8	static
../App/src/tinyuf2/lib/tinyusb/src/device/usbd.c:369:6:tud_connect	8	static
../App/src/tinyuf2/lib/tinyusb/src/device/usbd.c:379:6:tud_inited	0	static
../App/src/tinyuf2/lib/tinyusb/src/device/usbd.c:384:6:tud_init	24	static,ignoring_inline_asm
../App/src/tinyuf2/lib/tinyusb/src/device/usbd.c:450:6:tud_task_event_ready	8	static
../App/src/tinyuf2/lib/tinyusb/src/device/usbd.c:1074:24:dcd_event_handler	40	static,ignoring_inline_asm
../App/src/tinyuf2/lib/tinyusb/src/device/usbd.c:1177:6:usbd_defer_func	24	static
../App/src/tinyuf2/lib/tinyusb/src/device/usbd.c:1195:6:usbd_edpt_open	16	static,ignoring_inline_asm
../App/src/tinyuf2/lib/tinyusb/src/device/usbd.c:1153:6:usbd_open_edpt_pair	32	static,ignoring_inline_asm
../App/src/tinyuf2/lib/tinyusb/src/device/usbd.c:1205:6:usbd_edpt_claim	0	static
../App/src/tinyuf2/lib/tinyusb/src/device/usbd.c:1219:6:usbd_edpt_release	0	static
../App/src/tinyuf2/lib/tinyusb/src/device/usbd.c:1230:6:usbd_edpt_xfer	16	static,ignoring_inline_asm
../App/src/tinyuf2/lib/tinyusb/src/device/usbd.c:1267:6:usbd_edpt_xfer_fifo	16	static,ignoring_inline_asm
../App/src/tinyuf2/lib/tinyusb/src/device/usbd.c:1298:6:usbd_edpt_busy	0	static
../App/src/tinyuf2/lib/tinyusb/src/device/usbd.c:1308:6:usbd_edpt_stall	8	static
../App/src/tinyuf2/lib/tinyusb/src/device/usbd.c:1325:6:usbd_edpt_clear_stall	8	static
../App/src/tinyuf2/lib/tinyusb/src/device/usbd.c:1342:6:usbd_edpt_stalled	0	static
../App/src/tinyuf2/lib/tinyusb/src/device/usbd.c:476:6:tud_task_ext	64	static,ignoring_inline_asm
../App/src/tinyuf2/lib/tinyusb/src/device/usbd.c:1358:6:usbd_edpt_close	8	static,ignoring_inline_asm
../App/src/tinyuf2/lib/tinyusb/src/device/usbd.c:1376:6:usbd_sof_enable	0	static
