../App/src/tinyuf2/lib/tinyusb/src/device/usbd_control.c:87:13:_data_stage_xact	16	static
../App/src/tinyuf2/lib/tinyusb/src/device/usbd_control.c:66:20:_status_stage_xact.isra	0	static
../App/src/tinyuf2/lib/tinyusb/src/device/usbd_control.c:74:6:tud_control_status	8	static
../App/src/tinyuf2/lib/tinyusb/src/device/usbd_control.c:104:6:tud_control_xfer	24	static,ignoring_inline_asm
../App/src/tinyuf2/lib/tinyusb/src/device/usbd_control.c:141:6:usbd_control_reset	0	static
../App/src/tinyuf2/lib/tinyusb/src/device/usbd_control.c:147:6:usbd_control_set_complete_callback	0	static
../App/src/tinyuf2/lib/tinyusb/src/device/usbd_control.c:153:6:usbd_control_set_request	8	static
../App/src/tinyuf2/lib/tinyusb/src/device/usbd_control.c:164:6:usbd_control_xfer_cb	16	static,ignoring_inline_asm
