Archive member included to satisfy reference by file (symbol)

c:/st/stm32cubeide_1.11.2/stm32cubeide/plugins/com.st.stm32cube.ide.mcu.externaltools.gnu-tools-for-stm32.10.3-2021.10.win32_1.0.100.202210260954/tools/bin/../lib/gcc/arm-none-eabi/10.3.1/../../../../arm-none-eabi/lib/thumb/v7-m/nofp\libc_nano.a(lib_a-errno.o)
                              ./Core/Src/syscalls.o (__errno)
c:/st/stm32cubeide_1.11.2/stm32cubeide/plugins/com.st.stm32cube.ide.mcu.externaltools.gnu-tools-for-stm32.10.3-2021.10.win32_1.0.100.202210260954/tools/bin/../lib/gcc/arm-none-eabi/10.3.1/../../../../arm-none-eabi/lib/thumb/v7-m/nofp\libc_nano.a(lib_a-impure.o)
                              c:/st/stm32cubeide_1.11.2/stm32cubeide/plugins/com.st.stm32cube.ide.mcu.externaltools.gnu-tools-for-stm32.10.3-2021.10.win32_1.0.100.202210260954/tools/bin/../lib/gcc/arm-none-eabi/10.3.1/../../../../arm-none-eabi/lib/thumb/v7-m/nofp\libc_nano.a(lib_a-errno.o) (_impure_ptr)
c:/st/stm32cubeide_1.11.2/stm32cubeide/plugins/com.st.stm32cube.ide.mcu.externaltools.gnu-tools-for-stm32.10.3-2021.10.win32_1.0.100.202210260954/tools/bin/../lib/gcc/arm-none-eabi/10.3.1/../../../../arm-none-eabi/lib/thumb/v7-m/nofp\libc_nano.a(lib_a-init.o)
                              ./Core/Startup/startup_stm32f103c8tx.o (__libc_init_array)
c:/st/stm32cubeide_1.11.2/stm32cubeide/plugins/com.st.stm32cube.ide.mcu.externaltools.gnu-tools-for-stm32.10.3-2021.10.win32_1.0.100.202210260954/tools/bin/../lib/gcc/arm-none-eabi/10.3.1/../../../../arm-none-eabi/lib/thumb/v7-m/nofp\libc_nano.a(lib_a-memcpy-stub.o)
                              ./App/src/tinyuf2/lib/tinyusb/src/class/hid/hid_device.o (memcpy)
c:/st/stm32cubeide_1.11.2/stm32cubeide/plugins/com.st.stm32cube.ide.mcu.externaltools.gnu-tools-for-stm32.10.3-2021.10.win32_1.0.100.202210260954/tools/bin/../lib/gcc/arm-none-eabi/10.3.1/../../../../arm-none-eabi/lib/thumb/v7-m/nofp\libc_nano.a(lib_a-memmove.o)
                              ./App/src/tinyuf2/lib/tinyusb/src/class/msc/msc_device.o (memmove)
c:/st/stm32cubeide_1.11.2/stm32cubeide/plugins/com.st.stm32cube.ide.mcu.externaltools.gnu-tools-for-stm32.10.3-2021.10.win32_1.0.100.202210260954/tools/bin/../lib/gcc/arm-none-eabi/10.3.1/../../../../arm-none-eabi/lib/thumb/v7-m/nofp\libc_nano.a(lib_a-memset.o)
                              ./App/src/tinyuf2/lib/tinyusb/src/class/hid/hid_device.o (memset)
c:/st/stm32cubeide_1.11.2/stm32cubeide/plugins/com.st.stm32cube.ide.mcu.externaltools.gnu-tools-for-stm32.10.3-2021.10.win32_1.0.100.202210260954/tools/bin/../lib/gcc/arm-none-eabi/10.3.1/../../../../arm-none-eabi/lib/thumb/v7-m/nofp\libc_nano.a(lib_a-strlen.o)
                              ./App/src/tinyuf2/src/msc.o (strlen)

Discarded input sections

 .group         0x0000000000000000        0xc ./App/ap.o
 .group         0x0000000000000000        0xc ./App/ap.o
 .group         0x0000000000000000        0xc ./App/ap.o
 .group         0x0000000000000000        0xc ./App/ap.o
 .group         0x0000000000000000        0xc ./App/ap.o
 .group         0x0000000000000000        0xc ./App/ap.o
 .group         0x0000000000000000        0xc ./App/ap.o
 .group         0x0000000000000000        0xc ./App/ap.o
 .group         0x0000000000000000        0xc ./App/ap.o
 .group         0x0000000000000000        0xc ./App/ap.o
 .group         0x0000000000000000        0xc ./App/ap.o
 .group         0x0000000000000000        0xc ./App/ap.o
 .group         0x0000000000000000        0xc ./App/ap.o
 .group         0x0000000000000000        0xc ./App/ap.o
 .group         0x0000000000000000        0xc ./App/ap.o
 .group         0x0000000000000000        0xc ./App/ap.o
 .group         0x0000000000000000        0xc ./App/ap.o
 .group         0x0000000000000000        0xc ./App/ap.o
 .group         0x0000000000000000        0xc ./App/ap.o
 .group         0x0000000000000000        0xc ./App/ap.o
 .group         0x0000000000000000        0xc ./App/ap.o
 .group         0x0000000000000000        0xc ./App/ap.o
 .group         0x0000000000000000        0xc ./App/ap.o
 .group         0x0000000000000000        0xc ./App/ap.o
 .group         0x0000000000000000        0xc ./App/ap.o
 .group         0x0000000000000000        0xc ./App/ap.o
 .group         0x0000000000000000        0xc ./App/ap.o
 .group         0x0000000000000000        0xc ./App/ap.o
 .group         0x0000000000000000        0xc ./App/ap.o
 .group         0x0000000000000000        0xc ./App/ap.o
 .group         0x0000000000000000        0xc ./App/ap.o
 .group         0x0000000000000000        0xc ./App/ap.o
 .group         0x0000000000000000        0xc ./App/ap.o
 .group         0x0000000000000000        0xc ./App/ap.o
 .group         0x0000000000000000        0xc ./App/ap.o
 .group         0x0000000000000000        0xc ./App/ap.o
 .group         0x0000000000000000        0xc ./App/ap.o
 .group         0x0000000000000000        0xc ./App/ap.o
 .group         0x0000000000000000        0xc ./App/ap.o
[...]
Memory Configuration

Name             Origin             Length             Attributes
RAM              0x0000000020000000 0x0000000000004ffc xrw
FLASH            0x0000000008000000 0x0000000000003c00 xr
CONFIG           0x0000000008003c00 0x0000000000000400 xr
*default*        0x0000000000000000 0xffffffffffffffff

Linker script and memory map

LOAD ./App/ap.o
LOAD ./App/src/button.o
LOAD ./App/src/led.o
LOAD ./App/src/tinyuf2.o
LOAD ./App/src/utils.o
LOAD ./App/src/tinyuf2/lib/tinyusb/src/class/audio/audio_device.o
LOAD ./App/src/tinyuf2/lib/tinyusb/src/class/bth/bth_device.o
LOAD ./App/src/tinyuf2/lib/tinyusb/src/class/cdc/cdc_device.o
LOAD ./App/src/tinyuf2/lib/tinyusb/src/class/cdc/cdc_host.o
LOAD ./App/src/tinyuf2/lib/tinyusb/src/class/cdc/cdc_rndis_host.o
LOAD ./App/src/tinyuf2/lib/tinyusb/src/class/dfu/dfu_device.o
LOAD ./App/src/tinyuf2/lib/tinyusb/src/class/dfu/dfu_rt_device.o
LOAD ./App/src/tinyuf2/lib/tinyusb/src/class/hid/hid_device.o
LOAD ./App/src/tinyuf2/lib/tinyusb/src/class/hid/hid_host.o
LOAD ./App/src/tinyuf2/lib/tinyusb/src/class/midi/midi_device.o
LOAD ./App/src/tinyuf2/lib/tinyusb/src/class/msc/msc_device.o
LOAD ./App/src/tinyuf2/lib/tinyusb/src/class/msc/msc_host.o
LOAD ./App/src/tinyuf2/lib/tinyusb/src/class/net/ecm_rndis_device.o
LOAD ./App/src/tinyuf2/lib/tinyusb/src/class/net/ncm_device.o
LOAD ./App/src/tinyuf2/lib/tinyusb/src/class/usbtmc/usbtmc_device.o
LOAD ./App/src/tinyuf2/lib/tinyusb/src/class/vendor/vendor_device.o
LOAD ./App/src/tinyuf2/lib/tinyusb/src/class/vendor/vendor_host.o
LOAD ./App/src/tinyuf2/lib/tinyusb/src/class/video/video_device.o
LOAD ./App/src/tinyuf2/lib/tinyusb/src/common/tusb_fifo.o
LOAD ./App/src/tinyuf2/lib/tinyusb/src/device/usbd.o
LOAD ./App/src/tinyuf2/lib/tinyusb/src/device/usbd_control.o
LOAD ./App/src/tinyuf2/lib/tinyusb/src/host/hub.o
LOAD ./App/src/tinyuf2/lib/tinyusb/src/host/usbh.o
LOAD ./App/src/tinyuf2/lib/tinyusb/src/portable/st/stm32_fsdev/dcd_stm32_fsdev.o
LOAD ./App/src/tinyuf2/lib/tinyusb/src/portable/st/synopsys/dcd_synopsys.o
LOAD ./App/src/tinyuf2/lib/tinyusb/src/tusb.o
LOAD ./App/src/tinyuf2/ports/stm32f1/board_flash.o
LOAD ./App/src/tinyuf2/ports/stm32f1/boards.o
LOAD ./App/src/tinyuf2/src/ghostfat.o
LOAD ./App/src/tinyuf2/src/images.o
LOAD ./App/src/tinyuf2/src/msc.o
LOAD ./App/src/tinyuf2/src/screen.o
LOAD ./App/src/tinyuf2/src/usb_descriptors.o
LOAD ./Core/Src/main.o
LOAD ./Core/Src/stm32f1xx_hal_msp.o
LOAD ./Core/Src/stm32f1xx_it.o
LOAD ./Core/Src/syscalls.o
LOAD ./Core/Src/sysmem.o
LOAD ./Core/Src/system_stm32f1xx.o
LOAD ./Core/Startup/startup_stm32f103c8tx.o
LOAD ./Drivers/STM32F1xx_HAL_Driver/Src/stm32f1xx_hal.o
LOAD ./Drivers/STM32F1xx_HAL_Driver/Src/stm32f1xx_hal_cortex.o
LOAD ./Drivers/STM32F1xx_HAL_Driver/Src/stm32f1xx_hal_dma.o
LOAD ./Drivers/STM32F1xx_HAL_Driver/Src/stm32f1xx_hal_exti.o
LOAD ./Drivers/STM32F1xx_HAL_Driver/Src/stm32f1xx_hal_flash.o
LOAD ./Drivers/STM32F1xx_HAL_Driver/Src/stm32f1xx_hal_flash_ex.o
LOAD ./Drivers/STM32F1xx_HAL_Driver/Src/stm32f1xx_hal_gpio.o
LOAD ./Drivers/STM32F1xx_HAL_Driver/Src/stm32f1xx_hal_gpio_ex.o
LOAD ./Drivers/STM32F1xx_HAL_Driver/Src/stm32f1xx_hal_pcd.o
LOAD ./Drivers/STM32F1xx_HAL_Driver/Src/stm32f1xx_hal_pcd_ex.o
LOAD ./Drivers/STM32F1xx_HAL_Driver/Src/stm32f1xx_hal_pwr.o
LOAD ./Drivers/STM32F1xx_HAL_Driver/Src/stm32f1xx_hal_rcc.o
LOAD ./Drivers/STM32F1xx_HAL_Driver/Src/stm32f1xx_hal_rcc_ex.o
LOAD ./Drivers/STM32F1xx_HAL_Driver/Src/stm32f1xx_hal_tim.o
LOAD ./Drivers/STM32F1xx_HAL_Driver/Src/stm32f1xx_hal_tim_ex.o
LOAD ./Drivers/STM32F1xx_HAL_Driver/Src/stm32f1xx_ll_exti.o
LOAD ./Drivers/STM32F1xx_HAL_Driver/Src/stm32f1xx_ll_rcc.o
LOAD ./Drivers/STM32F1xx_HAL_Driver/Src/stm32f1xx_ll_usb.o
LOAD ./Drivers/STM32F1xx_HAL_Driver/Src/stm32f1xx_ll_utils.o
START GROUP
LOAD c:/st/stm32cubeide_1.11.2/stm32cubeide/plugins/com.st.stm32cube.ide.mcu.externaltools.gnu-tools-for-stm32.10.3-2021.10.win32_1.0.100.202210260954/tools/bin/../lib/gcc/arm-none-eabi/10.3.1/../../../../arm-none-eabi/lib/thumb/v7-m/nofp\libc_nano.a
LOAD c:/st/stm32cubeide_1.11.2/stm32cubeide/plugins/com.st.stm32cube.ide.mcu.externaltools.gnu-tools-for-stm32.10.3-2021.10.win32_1.0.100.202210260954/tools/bin/../lib/gcc/arm-none-eabi/10.3.1/../../../../arm-none-eabi/lib/thumb/v7-m/nofp\libm.a
END GROUP
                0x0000000020004ffc                _estack = (ORIGIN (RAM) + LENGTH (RAM))
                0x0000000020004ffc                _board_dfu_dbl_tap = _estack
                0x0000000000000200                _Min_Heap_Size = 0x200
                0x0000000000000400                _Min_Stack_Size = 0x400

.isr_vector     0x0000000008000000      0x10c
                0x0000000008000000                . = ALIGN (0x4)
 *(.isr_vector)
 .isr_vector    0x0000000008000000      0x10c ./Core/Startup/startup_stm32f103c8tx.o
                0x0000000008000000                g_pfnVectors
                0x000000000800010c                . = ALIGN (0x4)

.text           0x000000000800010c     0x3478
                0x000000000800010c                . = ALIGN (0x4)
 *(.text)
 .text          0x000000000800010c       0x10 c:/st/stm32cubeide_1.11.2/stm32cubeide/plugins/com.st.stm32cube.ide.mcu.externaltools.gnu-tools-for-stm32.10.3-2021.10.win32_1.0.100.202210260954/tools/bin/../lib/gcc/arm-none-eabi/10.3.1/../../../../arm-none-eabi/lib/thumb/v7-m/nofp\libc_nano.a(lib_a-strlen.o)
                0x000000000800010c                strlen
 *(.text*)
 .text.apInit   0x000000000800011c        0xe ./App/ap.o
                0x000000000800011c                apInit
 .text.apMain   0x000000000800012a        0x4 ./App/ap.o
                0x000000000800012a                apMain
 .text.buttonInit
                0x000000000800012e        0x4 ./App/src/button.o
                0x000000000800012e                buttonInit
 .text.buttonGetPressed
                0x0000000008000132        0x4 ./App/src/button.o
                0x0000000008000132                buttonGetPressed
 .text.ledInit  0x0000000008000136        0x4 ./App/src/led.o
                0x0000000008000136                ledInit
 *fill*         0x000000000800013a        0x2 
 .text.ledOn    0x000000000800013c       0x14 ./App/src/led.o
                0x000000000800013c                ledOn
 .text.ledOff   0x0000000008000150       0x14 ./App/src/led.o
                0x0000000008000150                ledOff
 .text.tud_hid_get_report_cb
                0x0000000008000164        0x4 ./App/src/tinyuf2.o
                0x0000000008000164                tud_hid_get_report_cb
 .text.tud_hid_set_report_cb
                0x0000000008000168        0x2 ./App/src/tinyuf2.o
                0x0000000008000168                tud_hid_set_report_cb
 *fill*         0x000000000800016a        0x2 
 .text.indicator_set
                0x000000000800016c       0x74 ./App/src/tinyuf2.o
                0x000000000800016c                indicator_set
 .text.tinyuf2  0x00000000080001e0       0xf8 ./App/src/tinyuf2.o
                0x00000000080001e0                tinyuf2
 .text.tud_mount_cb
                0x00000000080002d8        0x6 ./App/src/tinyuf2.o
                0x00000000080002d8                tud_mount_cb
 .text.tud_umount_cb
                0x00000000080002de        0x6 ./App/src/tinyuf2.o
                0x00000000080002de                tud_umount_cb
 .text.board_timer_handler
                0x00000000080002e4       0x60 ./App/src/tinyuf2.o
                0x00000000080002e4                board_timer_handler
 .text.delay    0x0000000008000344        0x4 ./App/src/utils.o
                0x0000000008000344                delay
 .text.hidd_reset
                0x0000000008000348       0x10 ./App/src/tinyuf2/lib/tinyusb/src/class/hid/hid_device.o
                0x0000000008000348                hidd_reset
 .text.hidd_init
                0x0000000008000358        0x6 ./App/src/tinyuf2/lib/tinyusb/src/class/hid/hid_device.o
                0x0000000008000358                hidd_init
 *fill*         0x000000000800035e        0x2 
 .text.hidd_open
                0x0000000008000360       0xc0 ./App/src/tinyuf2/lib/tinyusb/src/class/hid/hid_device.o
                0x0000000008000360                hidd_open
 .text.hidd_control_xfer_cb
                0x0000000008000420      0x1d4 ./App/src/tinyuf2/lib/tinyusb/src/class/hid/hid_device.o
                0x0000000008000420                hidd_control_xfer_cb
 .text.hidd_xfer_cb
                0x00000000080005f4       0x80 ./App/src/tinyuf2/lib/tinyusb/src/class/hid/hid_device.o
                0x00000000080005f4                hidd_xfer_cb
 .text.fail_scsi_op.constprop.0
                0x0000000008000674       0x48 ./App/src/tinyuf2/lib/tinyusb/src/class/msc/msc_device.o
 .text.proc_write10_cmd.constprop.0
                0x00000000080006bc       0x64 ./App/src/tinyuf2/lib/tinyusb/src/class/msc/msc_device.o
 .text.proc_read10_cmd.constprop.0
                0x0000000008000720       0xac ./App/src/tinyuf2/lib/tinyusb/src/class/msc/msc_device.o
 .text.rdwr10_validate_cmd
                0x00000000080007cc       0x3e ./App/src/tinyuf2/lib/tinyusb/src/class/msc/msc_device.o
                0x00000000080007cc                rdwr10_validate_cmd
 *fill*         0x000000000800080a        0x2 
 .text.tud_msc_set_sense
                0x000000000800080c       0x18 ./App/src/tinyuf2/lib/tinyusb/src/class/msc/msc_device.o
                0x000000000800080c                tud_msc_set_sense
 .text.mscd_init
                0x0000000008000824       0x10 ./App/src/tinyuf2/lib/tinyusb/src/class/msc/msc_device.o
                0x0000000008000824                mscd_init
 .text.mscd_reset
                0x0000000008000834       0x10 ./App/src/tinyuf2/lib/tinyusb/src/class/msc/msc_device.o
                0x0000000008000834                mscd_reset
 .text.mscd_open
                0x0000000008000844       0x90 ./App/src/tinyuf2/lib/tinyusb/src/class/msc/msc_device.o
                0x0000000008000844                mscd_open
 .text.mscd_control_xfer_cb
                0x00000000080008d4      0x120 ./App/src/tinyuf2/lib/tinyusb/src/class/msc/msc_device.o
                0x00000000080008d4                mscd_control_xfer_cb
 .text.mscd_xfer_cb
                0x00000000080009f4      0x4f4 ./App/src/tinyuf2/lib/tinyusb/src/class/msc/msc_device.o
                0x00000000080009f4                mscd_xfer_cb
 .text.advance_index
                0x0000000008000ee8       0x18 ./App/src/tinyuf2/lib/tinyusb/src/common/tusb_fifo.o
 .text._tu_fifo_peek
                0x0000000008000f00       0x4a ./App/src/tinyuf2/lib/tinyusb/src/common/tusb_fifo.o
 .text.tu_fifo_full
                0x0000000008000f4a       0x22 ./App/src/tinyuf2/lib/tinyusb/src/common/tusb_fifo.o
                0x0000000008000f4a                tu_fifo_full
 .text.tu_fifo_read
                0x0000000008000f6c       0x24 ./App/src/tinyuf2/lib/tinyusb/src/common/tusb_fifo.o
                0x0000000008000f6c                tu_fifo_read
 .text.tu_fifo_write
                0x0000000008000f90       0x46 ./App/src/tinyuf2/lib/tinyusb/src/common/tusb_fifo.o
                0x0000000008000f90                tu_fifo_write
 .text.tu_fifo_clear
                0x0000000008000fd6        0xa ./App/src/tinyuf2/lib/tinyusb/src/common/tusb_fifo.o
                0x0000000008000fd6                tu_fifo_clear
 .text.get_driver
                0x0000000008000fe0       0x38 ./App/src/tinyuf2/lib/tinyusb/src/device/usbd.o
 .text.invoke_class_control
                0x0000000008001018       0x1c ./App/src/tinyuf2/lib/tinyusb/src/device/usbd.o
 .text.configuration_reset
                0x0000000008001034       0x64 ./App/src/tinyuf2/lib/tinyusb/src/device/usbd.o
 .text.usbd_int_set
                0x0000000008001098       0x14 ./App/src/tinyuf2/lib/tinyusb/src/device/usbd.o
                0x0000000008001098                usbd_int_set
 .text.tud_inited
                0x00000000080010ac       0x10 ./App/src/tinyuf2/lib/tinyusb/src/device/usbd.o
                0x00000000080010ac                tud_inited
 .text.tud_init
                0x00000000080010bc       0x90 ./App/src/tinyuf2/lib/tinyusb/src/device/usbd.o
                0x00000000080010bc                tud_init
 .text.dcd_event_handler
                0x000000000800114c       0xec ./App/src/tinyuf2/lib/tinyusb/src/device/usbd.o
                0x000000000800114c                dcd_event_handler
 .text.usbd_edpt_open
                0x0000000008001238       0x44 ./App/src/tinyuf2/lib/tinyusb/src/device/usbd.o
                0x0000000008001238                usbd_edpt_open
 .text.usbd_open_edpt_pair
                0x000000000800127c       0x6c ./App/src/tinyuf2/lib/tinyusb/src/device/usbd.o
                0x000000000800127c                usbd_open_edpt_pair
 .text.usbd_edpt_xfer
                0x00000000080012e8       0x6c ./App/src/tinyuf2/lib/tinyusb/src/device/usbd.o
                0x00000000080012e8                usbd_edpt_xfer
 .text.usbd_edpt_busy
                0x0000000008001354       0x1c ./App/src/tinyuf2/lib/tinyusb/src/device/usbd.o
                0x0000000008001354                usbd_edpt_busy
 .text.usbd_edpt_stall
                0x0000000008001370       0x3c ./App/src/tinyuf2/lib/tinyusb/src/device/usbd.o
                0x0000000008001370                usbd_edpt_stall
 .text.usbd_edpt_clear_stall
                0x00000000080013ac       0x3c ./App/src/tinyuf2/lib/tinyusb/src/device/usbd.o
                0x00000000080013ac                usbd_edpt_clear_stall
 .text.usbd_edpt_stalled
                0x00000000080013e8       0x1c ./App/src/tinyuf2/lib/tinyusb/src/device/usbd.o
                0x00000000080013e8                usbd_edpt_stalled
 .text.tud_task_ext
                0x0000000008001404      0x5a0 ./App/src/tinyuf2/lib/tinyusb/src/device/usbd.o
                0x0000000008001404                tud_task_ext
 .text._data_stage_xact
                0x00000000080019a4       0x54 ./App/src/tinyuf2/lib/tinyusb/src/device/usbd_control.o
 .text._status_stage_xact.isra.0
                0x00000000080019f8       0x12 ./App/src/tinyuf2/lib/tinyusb/src/device/usbd_control.o
 *fill*         0x0000000008001a0a        0x2 
 .text.tud_control_status
                0x0000000008001a0c       0x24 ./App/src/tinyuf2/lib/tinyusb/src/device/usbd_control.o
                0x0000000008001a0c                tud_control_status
 .text.tud_control_xfer
                0x0000000008001a30       0x64 ./App/src/tinyuf2/lib/tinyusb/src/device/usbd_control.o
                0x0000000008001a30                tud_control_xfer
 .text.usbd_control_reset
                0x0000000008001a94       0x10 ./App/src/tinyuf2/lib/tinyusb/src/device/usbd_control.o
                0x0000000008001a94                usbd_control_reset
 .text.usbd_control_set_complete_callback
                0x0000000008001aa4        0xc ./App/src/tinyuf2/lib/tinyusb/src/device/usbd_control.o
                0x0000000008001aa4                usbd_control_set_complete_callback
 .text.usbd_control_set_request
                0x0000000008001ab0       0x1c ./App/src/tinyuf2/lib/tinyusb/src/device/usbd_control.o
                0x0000000008001ab0                usbd_control_set_request
 .text.usbd_control_xfer_cb
                0x0000000008001acc       0xc4 ./App/src/tinyuf2/lib/tinyusb/src/device/usbd_control.o
                0x0000000008001acc                usbd_control_xfer_cb
 .text.pcd_clear_tx_dtog.constprop.0
                0x0000000008001b90       0x2a ./App/src/tinyuf2/lib/tinyusb/src/portable/st/stm32_fsdev/dcd_stm32_fsdev.o
 .text.pcd_clear_rx_dtog.constprop.0
                0x0000000008001bba       0x2a ./App/src/tinyuf2/lib/tinyusb/src/portable/st/stm32_fsdev/dcd_stm32_fsdev.o
 .text.pcd_set_ep_rx_status.constprop.0
                0x0000000008001be4       0x38 ./App/src/tinyuf2/lib/tinyusb/src/portable/st/stm32_fsdev/dcd_stm32_fsdev.o
 .text.pcd_btable_word_ptr.constprop.0
                0x0000000008001c1c       0x1c ./App/src/tinyuf2/lib/tinyusb/src/portable/st/stm32_fsdev/dcd_stm32_fsdev.o
 .text.pcd_set_ep_rx_cnt.constprop.0
                0x0000000008001c38       0x30 ./App/src/tinyuf2/lib/tinyusb/src/portable/st/stm32_fsdev/dcd_stm32_fsdev.o
 .text.dcd_transmit_packet
                0x0000000008001c68       0x7e ./App/src/tinyuf2/lib/tinyusb/src/portable/st/stm32_fsdev/dcd_stm32_fsdev.o
 *fill*         0x0000000008001ce6        0x2 
 .text.dcd_int_enable
                0x0000000008001ce8       0x24 ./App/src/tinyuf2/lib/tinyusb/src/portable/st/stm32_fsdev/dcd_stm32_fsdev.o
                0x0000000008001ce8                dcd_int_enable
 .text.dcd_int_disable
                0x0000000008001d0c       0x38 ./App/src/tinyuf2/lib/tinyusb/src/portable/st/stm32_fsdev/dcd_stm32_fsdev.o
                0x0000000008001d0c                dcd_int_disable
 .text.dcd_edpt0_status_complete
                0x0000000008001d44       0x34 ./App/src/tinyuf2/lib/tinyusb/src/portable/st/stm32_fsdev/dcd_stm32_fsdev.o
                0x0000000008001d44                dcd_edpt0_status_complete
 .text.dcd_edpt_open
                0x0000000008001d78      0x168 ./App/src/tinyuf2/lib/tinyusb/src/portable/st/stm32_fsdev/dcd_stm32_fsdev.o
                0x0000000008001d78                dcd_edpt_open
 .text.dcd_handle_bus_reset
                0x0000000008001ee0       0x64 ./App/src/tinyuf2/lib/tinyusb/src/portable/st/stm32_fsdev/dcd_stm32_fsdev.o
 .text.dcd_init
                0x0000000008001f44       0x78 ./App/src/tinyuf2/lib/tinyusb/src/portable/st/stm32_fsdev/dcd_stm32_fsdev.o
                0x0000000008001f44                dcd_init
 .text.dcd_int_handler
                0x0000000008001fbc      0x304 ./App/src/tinyuf2/lib/tinyusb/src/portable/st/stm32_fsdev/dcd_stm32_fsdev.o
                0x0000000008001fbc                dcd_int_handler
 .text.dcd_edpt_close_all
                0x00000000080022c0        0x2 ./App/src/tinyuf2/lib/tinyusb/src/portable/st/stm32_fsdev/dcd_stm32_fsdev.o
                0x00000000080022c0                dcd_edpt_close_all
 *fill*         0x00000000080022c2        0x2 
 .text.dcd_edpt_xfer
                0x00000000080022c4       0x60 ./App/src/tinyuf2/lib/tinyusb/src/portable/st/stm32_fsdev/dcd_stm32_fsdev.o
                0x00000000080022c4                dcd_edpt_xfer
 .text.dcd_set_address
                0x0000000008002324        0xa ./App/src/tinyuf2/lib/tinyusb/src/portable/st/stm32_fsdev/dcd_stm32_fsdev.o
                0x0000000008002324                dcd_set_address
 .text.dcd_edpt_stall
                0x000000000800232e       0x3a ./App/src/tinyuf2/lib/tinyusb/src/portable/st/stm32_fsdev/dcd_stm32_fsdev.o
                0x000000000800232e                dcd_edpt_stall
 .text.dcd_edpt_clear_stall
                0x0000000008002368       0x4e ./App/src/tinyuf2/lib/tinyusb/src/portable/st/stm32_fsdev/dcd_stm32_fsdev.o
                0x0000000008002368                dcd_edpt_clear_stall
 .text.tusb_init
                0x00000000080023b6       0x1a ./App/src/tinyuf2/lib/tinyusb/src/tusb.o
                0x00000000080023b6                tusb_init
 .text.tusb_inited
                0x00000000080023d0        0x4 ./App/src/tinyuf2/lib/tinyusb/src/tusb.o
                0x00000000080023d0                tusb_inited
 .text.tu_edpt_validate
                0x00000000080023d4       0x60 ./App/src/tinyuf2/lib/tinyusb/src/tusb.o
                0x00000000080023d4                tu_edpt_validate
 .text.tu_edpt_bind_driver
                0x0000000008002434       0x24 ./App/src/tinyuf2/lib/tinyusb/src/tusb.o
                0x0000000008002434                tu_edpt_bind_driver
 .text.board_flash_init
                0x0000000008002458        0x2 ./App/src/tinyuf2/ports/stm32f1/board_flash.o
                0x0000000008002458                board_flash_init
 .text.board_flash_size
                0x000000000800245a        0x6 ./App/src/tinyuf2/ports/stm32f1/board_flash.o
                0x000000000800245a                board_flash_size
 .text.board_flash_read
                0x0000000008002460        0xa ./App/src/tinyuf2/ports/stm32f1/board_flash.o
                0x0000000008002460                board_flash_read
 .text.board_flash_flush
                0x000000000800246a        0x2 ./App/src/tinyuf2/ports/stm32f1/board_flash.o
                0x000000000800246a                board_flash_flush
 .text.board_flash_write
                0x000000000800246c       0x90 ./App/src/tinyuf2/ports/stm32f1/board_flash.o
                0x000000000800246c                board_flash_write
 .text.board_flash_erase_app
                0x00000000080024fc        0x2 ./App/src/tinyuf2/ports/stm32f1/board_flash.o
                0x00000000080024fc                board_flash_erase_app
 *fill*         0x00000000080024fe        0x2 
 .text.__NVIC_SystemReset
                0x0000000008002500       0x24 ./App/src/tinyuf2/ports/stm32f1/boards.o
 .text.board_init
                0x0000000008002524       0x88 ./App/src/tinyuf2/ports/stm32f1/boards.o
                0x0000000008002524                board_init
 .text.board_dfu_init
                0x00000000080025ac       0x64 ./App/src/tinyuf2/ports/stm32f1/boards.o
                0x00000000080025ac                board_dfu_init
 .text.board_dfu_complete
                0x0000000008002610        0x6 ./App/src/tinyuf2/ports/stm32f1/boards.o
                0x0000000008002610                board_dfu_complete
 *fill*         0x0000000008002616        0x2 
 .text.board_app_valid
                0x0000000008002618       0x30 ./App/src/tinyuf2/ports/stm32f1/boards.o
                0x0000000008002618                board_app_valid
 .text.board_app_jump
                0x0000000008002648       0x60 ./App/src/tinyuf2/ports/stm32f1/boards.o
                0x0000000008002648                board_app_jump
 .text.board_usb_get_serial
                0x00000000080026a8       0x1c ./App/src/tinyuf2/ports/stm32f1/boards.o
                0x00000000080026a8                board_usb_get_serial
 .text.board_led_write
                0x00000000080026c4       0x10 ./App/src/tinyuf2/ports/stm32f1/boards.o
                0x00000000080026c4                board_led_write
 .text.board_rgb_write
                0x00000000080026d4        0x2 ./App/src/tinyuf2/ports/stm32f1/boards.o
                0x00000000080026d4                board_rgb_write
 *fill*         0x00000000080026d6        0x2 
 .text.board_timer_start
                0x00000000080026d8        0xc ./App/src/tinyuf2/ports/stm32f1/boards.o
                0x00000000080026d8                board_timer_start
 .text.board_timer_stop
                0x00000000080026e4        0xc ./App/src/tinyuf2/ports/stm32f1/boards.o
                0x00000000080026e4                board_timer_stop
 .text.board_timer_tick
                0x00000000080026f0       0x24 ./App/src/tinyuf2/ports/stm32f1/boards.o
                0x00000000080026f0                board_timer_tick
 .text.USB_HP_CAN1_TX_IRQHandler
                0x0000000008002714        0x6 ./App/src/tinyuf2/ports/stm32f1/boards.o
                0x0000000008002714                USB_HP_CAN1_TX_IRQHandler
 .text.USB_LP_CAN1_RX0_IRQHandler
                0x000000000800271a        0x4 ./App/src/tinyuf2/ports/stm32f1/boards.o
                0x000000000800271a                USB_LP_CAN1_RX0_IRQHandler
 .text.USBWakeUp_IRQHandler
                0x000000000800271e        0x4 ./App/src/tinyuf2/ports/stm32f1/boards.o
                0x000000000800271e                USBWakeUp_IRQHandler
 .text._init    0x0000000008002722        0x2 ./App/src/tinyuf2/ports/stm32f1/boards.o
                0x0000000008002722                _init
 .text.uf2_init
                0x0000000008002724       0x44 ./App/src/tinyuf2/src/ghostfat.o
                0x0000000008002724                uf2_init
 .text.padded_memcpy
                0x0000000008002768       0x1c ./App/src/tinyuf2/src/ghostfat.o
                0x0000000008002768                padded_memcpy
 .text.uf2_read_block
                0x0000000008002784      0x208 ./App/src/tinyuf2/src/ghostfat.o
                0x0000000008002784                uf2_read_block
 .text.uf2_write_block
                0x000000000800298c       0xb8 ./App/src/tinyuf2/src/ghostfat.o
                0x000000000800298c                uf2_write_block
 .text.tud_msc_inquiry_cb
                0x0000000008002a44       0x88 ./App/src/tinyuf2/src/msc.o
                0x0000000008002a44                tud_msc_inquiry_cb
 .text.tud_msc_test_unit_ready_cb
                0x0000000008002acc        0x4 ./App/src/tinyuf2/src/msc.o
                0x0000000008002acc                tud_msc_test_unit_ready_cb
 .text.tud_msc_scsi_cb
                0x0000000008002ad0       0x24 ./App/src/tinyuf2/src/msc.o
                0x0000000008002ad0                tud_msc_scsi_cb
 .text.tud_msc_read10_cb
                0x0000000008002af4       0x42 ./App/src/tinyuf2/src/msc.o
                0x0000000008002af4                tud_msc_read10_cb
 *fill*         0x0000000008002b36        0x2 
 .text.tud_msc_write10_cb
                0x0000000008002b38       0x30 ./App/src/tinyuf2/src/msc.o
                0x0000000008002b38                tud_msc_write10_cb
 .text.tud_msc_write10_complete_cb
                0x0000000008002b68       0x44 ./App/src/tinyuf2/src/msc.o
                0x0000000008002b68                tud_msc_write10_complete_cb
 .text.tud_msc_capacity_cb
                0x0000000008002bac       0x10 ./App/src/tinyuf2/src/msc.o
                0x0000000008002bac                tud_msc_capacity_cb
 .text.tud_msc_start_stop_cb
                0x0000000008002bbc        0x4 ./App/src/tinyuf2/src/msc.o
                0x0000000008002bbc                tud_msc_start_stop_cb
 .text.tud_descriptor_device_cb
                0x0000000008002bc0        0x8 ./App/src/tinyuf2/src/usb_descriptors.o
                0x0000000008002bc0                tud_descriptor_device_cb
 .text.tud_hid_descriptor_report_cb
                0x0000000008002bc8        0x8 ./App/src/tinyuf2/src/usb_descriptors.o
                0x0000000008002bc8                tud_hid_descriptor_report_cb
 .text.tud_descriptor_configuration_cb
                0x0000000008002bd0        0x8 ./App/src/tinyuf2/src/usb_descriptors.o
                0x0000000008002bd0                tud_descriptor_configuration_cb
 .text.tud_descriptor_string_cb
                0x0000000008002bd8       0xdc ./App/src/tinyuf2/src/usb_descriptors.o
                0x0000000008002bd8                tud_descriptor_string_cb
 .text.SystemClock_Config
                0x0000000008002cb4       0xa0 ./Core/Src/main.o
                0x0000000008002cb4                SystemClock_Config
 .text.startup.main
                0x0000000008002d54       0x88 ./Core/Src/main.o
                0x0000000008002d54                main
 .text.HAL_MspInit
                0x0000000008002ddc       0x44 ./Core/Src/stm32f1xx_hal_msp.o
                0x0000000008002ddc                HAL_MspInit
 .text.NMI_Handler
                0x0000000008002e20        0x2 ./Core/Src/stm32f1xx_it.o
                0x0000000008002e20                NMI_Handler
 .text.HardFault_Handler
                0x0000000008002e22        0x2 ./Core/Src/stm32f1xx_it.o
                0x0000000008002e22                HardFault_Handler
 .text.MemManage_Handler
                0x0000000008002e24        0x2 ./Core/Src/stm32f1xx_it.o
                0x0000000008002e24                MemManage_Handler
 .text.BusFault_Handler
                0x0000000008002e26        0x2 ./Core/Src/stm32f1xx_it.o
                0x0000000008002e26                BusFault_Handler
 .text.UsageFault_Handler
                0x0000000008002e28        0x2 ./Core/Src/stm32f1xx_it.o
                0x0000000008002e28                UsageFault_Handler
 .text.SVC_Handler
                0x0000000008002e2a        0x2 ./Core/Src/stm32f1xx_it.o
                0x0000000008002e2a                SVC_Handler
 .text.DebugMon_Handler
                0x0000000008002e2c        0x2 ./Core/Src/stm32f1xx_it.o
                0x0000000008002e2c                DebugMon_Handler
 .text.PendSV_Handler
                0x0000000008002e2e        0x2 ./Core/Src/stm32f1xx_it.o
                0x0000000008002e2e                PendSV_Handler
 .text.SysTick_Handler
                0x0000000008002e30        0xe ./Core/Src/stm32f1xx_it.o
                0x0000000008002e30                SysTick_Handler
 .text.SystemInit
                0x0000000008002e3e        0x2 ./Core/Src/system_stm32f1xx.o
                0x0000000008002e3e                SystemInit
 .text.Reset_Handler
                0x0000000008002e40       0x48 ./Core/Startup/startup_stm32f103c8tx.o
                0x0000000008002e40                Reset_Handler
 .text.Default_Handler
                0x0000000008002e88        0x2 ./Core/Startup/startup_stm32f103c8tx.o
                0x0000000008002e88                RTC_Alarm_IRQHandler
                0x0000000008002e88                EXTI2_IRQHandler
                0x0000000008002e88                TIM1_CC_IRQHandler
                0x0000000008002e88                PVD_IRQHandler
                0x0000000008002e88                EXTI3_IRQHandler
                0x0000000008002e88                EXTI0_IRQHandler
                0x0000000008002e88                I2C2_EV_IRQHandler
                0x0000000008002e88                ADC1_2_IRQHandler
                0x0000000008002e88                SPI1_IRQHandler
                0x0000000008002e88                TAMPER_IRQHandler
                0x0000000008002e88                DMA1_Channel4_IRQHandler
                0x0000000008002e88                USART3_IRQHandler
                0x0000000008002e88                RTC_IRQHandler
                0x0000000008002e88                DMA1_Channel7_IRQHandler
                0x0000000008002e88                CAN1_RX1_IRQHandler
                0x0000000008002e88                TIM4_IRQHandler
                0x0000000008002e88                I2C1_EV_IRQHandler
                0x0000000008002e88                DMA1_Channel6_IRQHandler
                0x0000000008002e88                TIM3_IRQHandler
                0x0000000008002e88                RCC_IRQHandler
                0x0000000008002e88                TIM1_TRG_COM_IRQHandler
                0x0000000008002e88                DMA1_Channel1_IRQHandler
                0x0000000008002e88                Default_Handler
                0x0000000008002e88                EXTI15_10_IRQHandler
                0x0000000008002e88                EXTI9_5_IRQHandler
                0x0000000008002e88                SPI2_IRQHandler
                0x0000000008002e88                DMA1_Channel5_IRQHandler
                0x0000000008002e88                EXTI4_IRQHandler
                0x0000000008002e88                DMA1_Channel3_IRQHandler
                0x0000000008002e88                TIM1_UP_IRQHandler
                0x0000000008002e88                WWDG_IRQHandler
                0x0000000008002e88                TIM2_IRQHandler
                0x0000000008002e88                TIM1_BRK_IRQHandler
                0x0000000008002e88                EXTI1_IRQHandler
                0x0000000008002e88                USART2_IRQHandler
                0x0000000008002e88                I2C2_ER_IRQHandler
                0x0000000008002e88                DMA1_Channel2_IRQHandler
                0x0000000008002e88                CAN1_SCE_IRQHandler
                0x0000000008002e88                FLASH_IRQHandler
                0x0000000008002e88                USART1_IRQHandler
                0x0000000008002e88                I2C1_ER_IRQHandler
 *fill*         0x0000000008002e8a        0x2 
 .text.HAL_InitTick
                0x0000000008002e8c       0x48 ./Drivers/STM32F1xx_HAL_Driver/Src/stm32f1xx_hal.o
                0x0000000008002e8c                HAL_InitTick
 .text.HAL_Init
                0x0000000008002ed4       0x24 ./Drivers/STM32F1xx_HAL_Driver/Src/stm32f1xx_hal.o
                0x0000000008002ed4                HAL_Init
 .text.HAL_IncTick
                0x0000000008002ef8       0x18 ./Drivers/STM32F1xx_HAL_Driver/Src/stm32f1xx_hal.o
                0x0000000008002ef8                HAL_IncTick
 .text.HAL_GetTick
                0x0000000008002f10        0xc ./Drivers/STM32F1xx_HAL_Driver/Src/stm32f1xx_hal.o
                0x0000000008002f10                HAL_GetTick
 .text.HAL_Delay
                0x0000000008002f1c       0x24 ./Drivers/STM32F1xx_HAL_Driver/Src/stm32f1xx_hal.o
                0x0000000008002f1c                HAL_Delay
 .text.HAL_NVIC_SetPriorityGrouping
                0x0000000008002f40       0x24 ./Drivers/STM32F1xx_HAL_Driver/Src/stm32f1xx_hal_cortex.o
                0x0000000008002f40                HAL_NVIC_SetPriorityGrouping
 .text.HAL_NVIC_SetPriority
                0x0000000008002f64       0x64 ./Drivers/STM32F1xx_HAL_Driver/Src/stm32f1xx_hal_cortex.o
                0x0000000008002f64                HAL_NVIC_SetPriority
 .text.HAL_SYSTICK_Config
                0x0000000008002fc8       0x28 ./Drivers/STM32F1xx_HAL_Driver/Src/stm32f1xx_hal_cortex.o
                0x0000000008002fc8                HAL_SYSTICK_Config
 .text.FLASH_SetErrorCode
                0x0000000008002ff0       0x50 ./Drivers/STM32F1xx_HAL_Driver/Src/stm32f1xx_hal_flash.o
 .text.HAL_FLASH_Unlock
                0x0000000008003040       0x24 ./Drivers/STM32F1xx_HAL_Driver/Src/stm32f1xx_hal_flash.o
                0x0000000008003040                HAL_FLASH_Unlock
 .text.HAL_FLASH_Lock
                0x0000000008003064       0x14 ./Drivers/STM32F1xx_HAL_Driver/Src/stm32f1xx_hal_flash.o
                0x0000000008003064                HAL_FLASH_Lock
 .text.FLASH_WaitForLastOperation
                0x0000000008003078       0x54 ./Drivers/STM32F1xx_HAL_Driver/Src/stm32f1xx_hal_flash.o
                0x0000000008003078                FLASH_WaitForLastOperation
 .text.HAL_FLASH_Program
                0x00000000080030cc       0xa0 ./Drivers/STM32F1xx_HAL_Driver/Src/stm32f1xx_hal_flash.o
                0x00000000080030cc                HAL_FLASH_Program
 .text.FLASH_PageErase
                0x000000000800316c       0x24 ./Drivers/STM32F1xx_HAL_Driver/Src/stm32f1xx_hal_flash_ex.o
                0x000000000800316c                FLASH_PageErase
 .text.HAL_FLASHEx_Erase
                0x0000000008003190       0xa8 ./Drivers/STM32F1xx_HAL_Driver/Src/stm32f1xx_hal_flash_ex.o
                0x0000000008003190                HAL_FLASHEx_Erase
 .text.HAL_GPIO_Init
                0x0000000008003238      0x1b4 ./Drivers/STM32F1xx_HAL_Driver/Src/stm32f1xx_hal_gpio.o
                0x0000000008003238                HAL_GPIO_Init
 .text.HAL_GPIO_WritePin
                0x00000000080033ec        0xa ./Drivers/STM32F1xx_HAL_Driver/Src/stm32f1xx_hal_gpio.o
                0x00000000080033ec                HAL_GPIO_WritePin
 *fill*         0x00000000080033f6        0x2 
 .text.HAL_RCC_DeInit
                0x00000000080033f8       0xd8 ./Drivers/STM32F1xx_HAL_Driver/Src/stm32f1xx_hal_rcc.o
                0x00000000080033f8                HAL_RCC_DeInit
 .text.LL_SetSystemCoreClock
                0x00000000080034d0        0xc ./Drivers/STM32F1xx_HAL_Driver/Src/stm32f1xx_ll_utils.o
                0x00000000080034d0                LL_SetSystemCoreClock
 .text.__libc_init_array
                0x00000000080034dc       0x48 c:/st/stm32cubeide_1.11.2/stm32cubeide/plugins/com.st.stm32cube.ide.mcu.externaltools.gnu-tools-for-stm32.10.3-2021.10.win32_1.0.100.202210260954/tools/bin/../lib/gcc/arm-none-eabi/10.3.1/../../../../arm-none-eabi/lib/thumb/v7-m/nofp\libc_nano.a(lib_a-init.o)
                0x00000000080034dc                __libc_init_array
 .text.memcpy   0x0000000008003524       0x1c c:/st/stm32cubeide_1.11.2/stm32cubeide/plugins/com.st.stm32cube.ide.mcu.externaltools.gnu-tools-for-stm32.10.3-2021.10.win32_1.0.100.202210260954/tools/bin/../lib/gcc/arm-none-eabi/10.3.1/../../../../arm-none-eabi/lib/thumb/v7-m/nofp\libc_nano.a(lib_a-memcpy-stub.o)
                0x0000000008003524                memcpy
 .text.memmove  0x0000000008003540       0x34 c:/st/stm32cubeide_1.11.2/stm32cubeide/plugins/com.st.stm32cube.ide.mcu.externaltools.gnu-tools-for-stm32.10.3-2021.10.win32_1.0.100.202210260954/tools/bin/../lib/gcc/arm-none-eabi/10.3.1/../../../../arm-none-eabi/lib/thumb/v7-m/nofp\libc_nano.a(lib_a-memmove.o)
                0x0000000008003540                memmove
 .text.memset   0x0000000008003574       0x10 c:/st/stm32cubeide_1.11.2/stm32cubeide/plugins/com.st.stm32cube.ide.mcu.externaltools.gnu-tools-for-stm32.10.3-2021.10.win32_1.0.100.202210260954/tools/bin/../lib/gcc/arm-none-eabi/10.3.1/../../../../arm-none-eabi/lib/thumb/v7-m/nofp\libc_nano.a(lib_a-memset.o)
                0x0000000008003574                memset
 *(.glue_7)
 .glue_7        0x0000000008003584        0x0 linker stubs
 *(.glue_7t)
 .glue_7t       0x0000000008003584        0x0 linker stubs
 *(.eh_frame)
 *(.init)
 *(.fini)
                0x0000000008003584                . = ALIGN (0x4)
                0x0000000008003584                _etext = .

.vfp11_veneer   0x0000000008003584        0x0
 .vfp11_veneer  0x0000000008003584        0x0 linker stubs

.v4_bx          0x0000000008003584        0x0
 .v4_bx         0x0000000008003584        0x0 linker stubs

.iplt           0x0000000008003584        0x0
 .iplt          0x0000000008003584        0x0 ./App/ap.o

.rodata         0x0000000008003584      0x238
                0x0000000008003584                . = ALIGN (0x4)
 *(.rodata)
 .rodata        0x0000000008003584        0x6 ./App/src/tinyuf2.o
 *(.rodata*)
 .rodata.indicator_set.str1.1
                0x000000000800358a        0x3 ./App/src/tinyuf2.o
 .rodata.RGB_DOUBLE_TAP
                0x000000000800358d        0x3 ./App/src/tinyuf2.o
                0x000000000800358d                RGB_DOUBLE_TAP
 .rodata.RGB_OFF
                0x0000000008003590        0x3 ./App/src/tinyuf2.o
                0x0000000008003590                RGB_OFF
 .rodata.RGB_WRITING
                0x0000000008003593        0x3 ./App/src/tinyuf2.o
                0x0000000008003593                RGB_WRITING
 *fill*         0x0000000008003596        0x2 
 .rodata._usbd_driver
                0x0000000008003598       0x30 ./App/src/tinyuf2/lib/tinyusb/src/device/usbd.o
 .rodata.ep0IN_desc
                0x00000000080035c8        0x7 ./App/src/tinyuf2/lib/tinyusb/src/portable/st/stm32_fsdev/dcd_stm32_fsdev.o
 .rodata.ep0OUT_desc
                0x00000000080035cf        0x7 ./App/src/tinyuf2/lib/tinyusb/src/portable/st/stm32_fsdev/dcd_stm32_fsdev.o
 .rodata.BootBlock
                0x00000000080035d6       0x3e ./App/src/tinyuf2/src/ghostfat.o
 .rodata.indexFile
                0x0000000008003614       0x73 ./App/src/tinyuf2/src/ghostfat.o
                0x0000000008003614                indexFile
 .rodata.infoUf2File
                0x0000000008003687       0x69 ./App/src/tinyuf2/src/ghostfat.o
                0x0000000008003687                infoUf2File
 .rodata.tud_msc_inquiry_cb.str1.1
                0x00000000080036f0       0x18 ./App/src/tinyuf2/src/msc.o
 .rodata.tud_descriptor_string_cb.str1.1
                0x0000000008003708       0x11 ./App/src/tinyuf2/src/usb_descriptors.o
 .rodata.str1.1
                0x0000000008003719       0x2b ./App/src/tinyuf2/src/usb_descriptors.o
 .rodata.__compound_literal.0
                0x0000000008003744        0x2 ./App/src/tinyuf2/src/usb_descriptors.o
 .rodata.desc_configuration
                0x0000000008003746       0x40 ./App/src/tinyuf2/src/usb_descriptors.o
                0x0000000008003746                desc_configuration
 .rodata.desc_device
                0x0000000008003786       0x12 ./App/src/tinyuf2/src/usb_descriptors.o
                0x0000000008003786                desc_device
 .rodata.desc_hid_report
                0x0000000008003798       0x22 ./App/src/tinyuf2/src/usb_descriptors.o
                0x0000000008003798                desc_hid_report
                0x00000000080037bc                . = ALIGN (0x4)
 *fill*         0x00000000080037ba        0x2 

.rel.dyn        0x00000000080037bc        0x0
 .rel.iplt      0x00000000080037bc        0x0 ./App/ap.o

.ARM.extab      0x00000000080037bc        0x0
                0x00000000080037bc                . = ALIGN (0x4)
 *(.ARM.extab* .gnu.linkonce.armextab.*)
                0x00000000080037bc                . = ALIGN (0x4)

.ARM            0x00000000080037bc        0x0
                0x00000000080037bc                . = ALIGN (0x4)
                0x00000000080037bc                __exidx_start = .
 *(.ARM.exidx*)
                0x00000000080037bc                __exidx_end = .
                0x00000000080037bc                . = ALIGN (0x4)

.preinit_array  0x00000000080037bc        0x0
                0x00000000080037bc                . = ALIGN (0x4)
                0x00000000080037bc                PROVIDE (__preinit_array_start = .)
 *(.preinit_array*)
                0x00000000080037bc                PROVIDE (__preinit_array_end = .)
                0x00000000080037bc                . = ALIGN (0x4)

.init_array     0x00000000080037bc        0x0
                0x00000000080037bc                . = ALIGN (0x4)
                0x00000000080037bc                PROVIDE (__init_array_start = .)
 *(SORT_BY_NAME(.init_array.*))
 *(.init_array*)
                0x00000000080037bc                PROVIDE (__init_array_end = .)
                0x00000000080037bc                . = ALIGN (0x4)

.fini_array     0x00000000080037bc        0x0
                0x00000000080037bc                . = ALIGN (0x4)
                [!provide]                        PROVIDE (__fini_array_start = .)
 *(SORT_BY_NAME(.fini_array.*))
 *(.fini_array*)
                [!provide]                        PROVIDE (__fini_array_end = .)
                0x00000000080037bc                . = ALIGN (0x4)
                0x0000000008003c00                . = ORIGIN (CONFIG)

.config
 *(.config)
                0x00000000080037bc                _sidata = LOADADDR (.data)

.data           0x0000000020000000       0x8c load address 0x00000000080037bc
                0x0000000020000000                . = ALIGN (0x4)
                0x0000000020000000                _sdata = .
 *(.data)
 *(.data*)
 .data._usbd_qdef
                0x0000000020000000       0x10 ./App/src/tinyuf2/lib/tinyusb/src/device/usbd.o
                0x0000000020000000                _usbd_qdef
 .data._usbd_rhport
                0x0000000020000010        0x1 ./App/src/tinyuf2/lib/tinyusb/src/device/usbd.o
 *fill*         0x0000000020000011        0x3 
 .data.timer_max
                0x0000000020000014        0x4 ./App/src/tinyuf2/ports/stm32f1/boards.o
 .data.info     0x0000000020000018       0x48 ./App/src/tinyuf2/src/ghostfat.o
 .data.first_write.0
                0x0000000020000060        0x1 ./App/src/tinyuf2/src/msc.o
 *fill*         0x0000000020000061        0x3 
 .data.string_desc_arr
                0x0000000020000064       0x1c ./App/src/tinyuf2/src/usb_descriptors.o
                0x0000000020000064                string_desc_arr
 .data.SystemCoreClock
                0x0000000020000080        0x4 ./Core/Src/system_stm32f1xx.o
                0x0000000020000080                SystemCoreClock
 .data.uwTickFreq
                0x0000000020000084        0x1 ./Drivers/STM32F1xx_HAL_Driver/Src/stm32f1xx_hal.o
                0x0000000020000084                uwTickFreq
 *fill*         0x0000000020000085        0x3 
 .data.uwTickPrio
                0x0000000020000088        0x4 ./Drivers/STM32F1xx_HAL_Driver/Src/stm32f1xx_hal.o
                0x0000000020000088                uwTickPrio
 *(.RamFunc)
 *(.RamFunc*)
                0x000000002000008c                . = ALIGN (0x4)
                0x000000002000008c                _edata = .

.igot.plt       0x000000002000008c        0x0 load address 0x0000000008003848
 .igot.plt      0x000000002000008c        0x0 ./App/ap.o
                0x000000002000008c                . = ALIGN (0x4)

.bss            0x0000000020000090      0xfe0 load address 0x0000000008003848
                0x0000000020000090                _sbss = .
                0x0000000020000090                __bss_start__ = _sbss
 *(.bss)
 *(.bss*)
 .bss._indicator_rgb
                0x0000000020000090        0x3 ./App/src/tinyuf2.o
 *fill*         0x0000000020000093        0x1 
 .bss._indicator_state
                0x0000000020000094        0x4 ./App/src/tinyuf2.o
 .bss._timer_count
                0x0000000020000098        0x4 ./App/src/tinyuf2.o
 .bss._hidd_itf
                0x000000002000009c       0x8c ./App/src/tinyuf2/lib/tinyusb/src/class/hid/hid_device.o
 .bss._mscd_buf
                0x0000000020000128      0x400 ./App/src/tinyuf2/lib/tinyusb/src/class/msc/msc_device.o
 .bss._mscd_itf
                0x0000000020000528       0x40 ./App/src/tinyuf2/lib/tinyusb/src/class/msc/msc_device.o
 .bss._app_driver
                0x0000000020000568        0x4 ./App/src/tinyuf2/lib/tinyusb/src/device/usbd.o
 .bss._app_driver_count
                0x000000002000056c        0x1 ./App/src/tinyuf2/lib/tinyusb/src/device/usbd.o
 .bss._usbd_dev
                0x000000002000056d       0x33 ./App/src/tinyuf2/lib/tinyusb/src/device/usbd.o
 .bss._usbd_q   0x00000000200005a0        0x4 ./App/src/tinyuf2/lib/tinyusb/src/device/usbd.o
 .bss._usbd_qdef_buf
                0x00000000200005a4       0xc0 ./App/src/tinyuf2/lib/tinyusb/src/device/usbd.o
                0x00000000200005a4                _usbd_qdef_buf
 .bss._ctrl_xfer
                0x0000000020000664       0x14 ./App/src/tinyuf2/lib/tinyusb/src/device/usbd_control.o
 .bss._usbd_ctrl_buf
                0x0000000020000678       0x40 ./App/src/tinyuf2/lib/tinyusb/src/device/usbd_control.o
 .bss._setup_packet
                0x00000000200006b8       0x18 ./App/src/tinyuf2/lib/tinyusb/src/portable/st/stm32_fsdev/dcd_stm32_fsdev.o
 .bss.ep_buf_ptr
                0x00000000200006d0        0x2 ./App/src/tinyuf2/lib/tinyusb/src/portable/st/stm32_fsdev/dcd_stm32_fsdev.o
 .bss.remoteWakeCountdown
                0x00000000200006d2        0x1 ./App/src/tinyuf2/lib/tinyusb/src/portable/st/stm32_fsdev/dcd_stm32_fsdev.o
 *fill*         0x00000000200006d3        0x1 
 .bss.xfer_status
                0x00000000200006d4       0xc0 ./App/src/tinyuf2/lib/tinyusb/src/portable/st/stm32_fsdev/dcd_stm32_fsdev.o
 .bss.erased_sectors
                0x0000000020000794       0x40 ./App/src/tinyuf2/ports/stm32f1/board_flash.o
 .bss.timer_cnt
                0x00000000200007d4        0x4 ./App/src/tinyuf2/ports/stm32f1/boards.o
 .bss._flash_size
                0x00000000200007d8        0x4 ./App/src/tinyuf2/src/ghostfat.o
 .bss._wr_state
                0x00000000200007dc      0x818 ./App/src/tinyuf2/src/msc.o
 .bss._desc_str
                0x0000000020000ff4       0x42 ./App/src/tinyuf2/src/usb_descriptors.o
 .bss.desc_str_serial
                0x0000000020001036       0x11 ./App/src/tinyuf2/src/usb_descriptors.o
 *fill*         0x0000000020001047        0x1 
 .bss.uwTick    0x0000000020001048        0x4 ./Drivers/STM32F1xx_HAL_Driver/Src/stm32f1xx_hal.o
                0x0000000020001048                uwTick
 *fill*         0x000000002000104c        0x4 
 .bss.pFlash    0x0000000020001050       0x20 ./Drivers/STM32F1xx_HAL_Driver/Src/stm32f1xx_hal_flash.o
                0x0000000020001050                pFlash
 *(COMMON)
                0x0000000020001070                . = ALIGN (0x4)
                0x0000000020001070                _ebss = .
                0x0000000020001070                __bss_end__ = _ebss

._user_heap_stack
                0x0000000020001070      0x600 load address 0x0000000008003848
                0x0000000020001070                . = ALIGN (0x8)
                [!provide]                        PROVIDE (end = .)
                0x0000000020001070                PROVIDE (_end = .)
                0x0000000020001270                . = (. + _Min_Heap_Size)
 *fill*         0x0000000020001070      0x200 
                0x0000000020001670                . = (. + _Min_Stack_Size)
 *fill*         0x0000000020001270      0x400 
                0x0000000020001670                . = ALIGN (0x8)

/DISCARD/
 libc.a(*)
 libm.a(*)
 libgcc.a(*)

.ARM.attributes
                0x0000000000000000       0x2b
 *(.ARM.attributes)
 .ARM.attributes
                0x0000000000000000       0x2d ./App/ap.o
 .ARM.attributes
                0x000000000000002d       0x2d ./App/src/button.o
 .ARM.attributes
                0x000000000000005a       0x2d ./App/src/led.o
 .ARM.attributes
                0x0000000000000087       0x2d ./App/src/tinyuf2.o
 .ARM.attributes
                0x00000000000000b4       0x2d ./App/src/utils.o
 .ARM.attributes
                0x00000000000000e1       0x2d ./App/src/tinyuf2/lib/tinyusb/src/class/hid/hid_device.o
 .ARM.attributes
                0x000000000000010e       0x2d ./App/src/tinyuf2/lib/tinyusb/src/class/msc/msc_device.o
 .ARM.attributes
                0x000000000000013b       0x2d ./App/src/tinyuf2/lib/tinyusb/src/common/tusb_fifo.o
 .ARM.attributes
                0x0000000000000168       0x2d ./App/src/tinyuf2/lib/tinyusb/src/device/usbd.o
 .ARM.attributes
                0x0000000000000195       0x2d ./App/src/tinyuf2/lib/tinyusb/src/device/usbd_control.o
 .ARM.attributes
                0x00000000000001c2       0x2d ./App/src/tinyuf2/lib/tinyusb/src/portable/st/stm32_fsdev/dcd_stm32_fsdev.o
 .ARM.attributes
                0x00000000000001ef       0x2d ./App/src/tinyuf2/lib/tinyusb/src/tusb.o
 .ARM.attributes
                0x000000000000021c       0x2d ./App/src/tinyuf2/ports/stm32f1/board_flash.o
 .ARM.attributes
                0x0000000000000249       0x2d ./App/src/tinyuf2/ports/stm32f1/boards.o
 .ARM.attributes
                0x0000000000000276       0x2d ./App/src/tinyuf2/src/ghostfat.o
 .ARM.attributes
                0x00000000000002a3       0x2d ./App/src/tinyuf2/src/msc.o
 .ARM.attributes
                0x00000000000002d0       0x2d ./App/src/tinyuf2/src/usb_descriptors.o
 .ARM.attributes
                0x00000000000002fd       0x2d ./Core/Src/main.o
 .ARM.attributes
                0x000000000000032a       0x2d ./Core/Src/stm32f1xx_hal_msp.o
 .ARM.attributes
                0x0000000000000357       0x2d ./Core/Src/stm32f1xx_it.o
 .ARM.attributes
                0x0000000000000384       0x2d ./Core/Src/system_stm32f1xx.o
 .ARM.attributes
                0x00000000000003b1       0x21 ./Core/Startup/startup_stm32f103c8tx.o
 .ARM.attributes
                0x00000000000003d2       0x2d ./Drivers/STM32F1xx_HAL_Driver/Src/stm32f1xx_hal.o
 .ARM.attributes
                0x00000000000003ff       0x2d ./Drivers/STM32F1xx_HAL_Driver/Src/stm32f1xx_hal_cortex.o
 .ARM.attributes
                0x000000000000042c       0x2d ./Drivers/STM32F1xx_HAL_Driver/Src/stm32f1xx_hal_flash.o
 .ARM.attributes
                0x0000000000000459       0x2d ./Drivers/STM32F1xx_HAL_Driver/Src/stm32f1xx_hal_flash_ex.o
 .ARM.attributes
                0x0000000000000486       0x2d ./Drivers/STM32F1xx_HAL_Driver/Src/stm32f1xx_hal_gpio.o
 .ARM.attributes
                0x00000000000004b3       0x2d ./Drivers/STM32F1xx_HAL_Driver/Src/stm32f1xx_hal_rcc.o
 .ARM.attributes
                0x00000000000004e0       0x2d ./Drivers/STM32F1xx_HAL_Driver/Src/stm32f1xx_ll_utils.o
 .ARM.attributes
                0x000000000000050d       0x2d c:/st/stm32cubeide_1.11.2/stm32cubeide/plugins/com.st.stm32cube.ide.mcu.externaltools.gnu-tools-for-stm32.10.3-2021.10.win32_1.0.100.202210260954/tools/bin/../lib/gcc/arm-none-eabi/10.3.1/../../../../arm-none-eabi/lib/thumb/v7-m/nofp\libc_nano.a(lib_a-init.o)
 .ARM.attributes
                0x000000000000053a       0x2d c:/st/stm32cubeide_1.11.2/stm32cubeide/plugins/com.st.stm32cube.ide.mcu.externaltools.gnu-tools-for-stm32.10.3-2021.10.win32_1.0.100.202210260954/tools/bin/../lib/gcc/arm-none-eabi/10.3.1/../../../../arm-none-eabi/lib/thumb/v7-m/nofp\libc_nano.a(lib_a-memcpy-stub.o)
 .ARM.attributes
                0x0000000000000567       0x2d c:/st/stm32cubeide_1.11.2/stm32cubeide/plugins/com.st.stm32cube.ide.mcu.externaltools.gnu-tools-for-stm32.10.3-2021.10.win32_1.0.100.202210260954/tools/bin/../lib/gcc/arm-none-eabi/10.3.1/../../../../arm-none-eabi/lib/thumb/v7-m/nofp\libc_nano.a(lib_a-memmove.o)
 .ARM.attributes
                0x0000000000000594       0x2d c:/st/stm32cubeide_1.11.2/stm32cubeide/plugins/com.st.stm32cube.ide.mcu.externaltools.gnu-tools-for-stm32.10.3-2021.10.win32_1.0.100.202210260954/tools/bin/../lib/gcc/arm-none-eabi/10.3.1/../../../../arm-none-eabi/lib/thumb/v7-m/nofp\libc_nano.a(lib_a-memset.o)
 .ARM.attributes
                0x00000000000005c1       0x17 c:/st/stm32cubeide_1.11.2/stm32cubeide/plugins/com.st.stm32cube.ide.mcu.externaltools.gnu-tools-for-stm32.10.3-2021.10.win32_1.0.100.202210260954/tools/bin/../lib/gcc/arm-none-eabi/10.3.1/../../../../arm-none-eabi/lib/thumb/v7-m/nofp\libc_nano.a(lib_a-strlen.o)
OUTPUT(stm32f103_uf2.elf elf32-littlearm)
LOAD linker stubs
LOAD c:/st/stm32cubeide_1.11.2/stm32cubeide/plugins/com.st.stm32cube.ide.mcu.externaltools.gnu-tools-for-stm32.10.3-2021.10.win32_1.0.100.202210260954/tools/bin/../lib/gcc/arm-none-eabi/10.3.1/../../../../arm-none-eabi/lib/thumb/v7-m/nofp\libc.a
LOAD c:/st/stm32cubeide_1.11.2/stm32cubeide/plugins/com.st.stm32cube.ide.mcu.externaltools.gnu-tools-for-stm32.10.3-2021.10.win32_1.0.100.202210260954/tools/bin/../lib/gcc/arm-none-eabi/10.3.1/../../../../arm-none-eabi/lib/thumb/v7-m/nofp\libm.a
LOAD c:/st/stm32cubeide_1.11.2/stm32cubeide/plugins/com.st.stm32cube.ide.mcu.externaltools.gnu-tools-for-stm32.10.3-2021.10.win32_1.0.100.202210260954/tools/bin/../lib/gcc/arm-none-eabi/10.3.1/thumb/v7-m/nofp\libgcc.a

.debug_info     0x0000000000000000    0x17f9d
 .debug_info    0x0000000000000000      0x134 ./App/ap.o
 .debug_info    0x0000000000000134      0x18c ./App/src/button.o
 .debug_info    0x00000000000002c0      0x2c1 ./App/src/led.o
 .debug_info    0x0000000000000581      0x6ac ./App/src/tinyuf2.o
 .debug_info    0x0000000000000c2d      0x158 ./App/src/utils.o
 .debug_info    0x0000000000000d85     0x166b ./App/src/tinyuf2/lib/tinyusb/src/class/hid/hid_device.o
 .debug_info    0x00000000000023f0     0x2bba ./App/src/tinyuf2/lib/tinyusb/src/class/msc/msc_device.o
 .debug_info    0x0000000000004faa     0x1e88 ./App/src/tinyuf2/lib/tinyusb/src/common/tusb_fifo.o
 .debug_info    0x0000000000006e32     0x341d ./App/src/tinyuf2/lib/tinyusb/src/device/usbd.o
 .debug_info    0x000000000000a24f      0x8ec ./App/src/tinyuf2/lib/tinyusb/src/device/usbd_control.o
 .debug_info    0x000000000000ab3b     0x3c05 ./App/src/tinyuf2/lib/tinyusb/src/portable/st/stm32_fsdev/dcd_stm32_fsdev.o
 .debug_info    0x000000000000e740     0x1389 ./App/src/tinyuf2/lib/tinyusb/src/tusb.o
 .debug_info    0x000000000000fac9      0x77c ./App/src/tinyuf2/ports/stm32f1/board_flash.o
 .debug_info    0x0000000000010245      0xc3b ./App/src/tinyuf2/ports/stm32f1/boards.o
 .debug_info    0x0000000000010e80      0xbb2 ./App/src/tinyuf2/src/ghostfat.o
 .debug_info    0x0000000000011a32      0x864 ./App/src/tinyuf2/src/msc.o
 .debug_info    0x0000000000012296      0x90a ./App/src/tinyuf2/src/usb_descriptors.o
 .debug_info    0x0000000000012ba0      0x882 ./Core/Src/main.o
 .debug_info    0x0000000000013422      0x24f ./Core/Src/stm32f1xx_hal_msp.o
 .debug_info    0x0000000000013671      0x179 ./Core/Src/stm32f1xx_it.o
 .debug_info    0x00000000000137ea      0x24c ./Core/Src/system_stm32f1xx.o
 .debug_info    0x0000000000013a36       0x22 ./Core/Startup/startup_stm32f103c8tx.o
 .debug_info    0x0000000000013a58      0x808 ./Drivers/STM32F1xx_HAL_Driver/Src/stm32f1xx_hal.o
 .debug_info    0x0000000000014260      0xd6a ./Drivers/STM32F1xx_HAL_Driver/Src/stm32f1xx_hal_cortex.o
 .debug_info    0x0000000000014fca      0x6b4 ./Drivers/STM32F1xx_HAL_Driver/Src/stm32f1xx_hal_flash.o
 .debug_info    0x000000000001567e      0xc22 ./Drivers/STM32F1xx_HAL_Driver/Src/stm32f1xx_hal_flash_ex.o
 .debug_info    0x00000000000162a0      0x66f ./Drivers/STM32F1xx_HAL_Driver/Src/stm32f1xx_hal_gpio.o
 .debug_info    0x000000000001690f      0xa89 ./Drivers/STM32F1xx_HAL_Driver/Src/stm32f1xx_hal_rcc.o
 .debug_info    0x0000000000017398      0xc05 ./Drivers/STM32F1xx_HAL_Driver/Src/stm32f1xx_ll_utils.o

.debug_abbrev   0x0000000000000000     0x539d
 .debug_abbrev  0x0000000000000000       0xca ./App/ap.o
 .debug_abbrev  0x00000000000000ca      0x124 ./App/src/button.o
 .debug_abbrev  0x00000000000001ee      0x154 ./App/src/led.o
 .debug_abbrev  0x0000000000000342      0x282 ./App/src/tinyuf2.o
 .debug_abbrev  0x00000000000005c4      0x10b ./App/src/utils.o
 .debug_abbrev  0x00000000000006cf      0x49d ./App/src/tinyuf2/lib/tinyusb/src/class/hid/hid_device.o
 .debug_abbrev  0x0000000000000b6c      0x59d ./App/src/tinyuf2/lib/tinyusb/src/class/msc/msc_device.o
 .debug_abbrev  0x0000000000001109      0x472 ./App/src/tinyuf2/lib/tinyusb/src/common/tusb_fifo.o
 .debug_abbrev  0x000000000000157b      0x682 ./App/src/tinyuf2/lib/tinyusb/src/device/usbd.o
 .debug_abbrev  0x0000000000001bfd      0x387 ./App/src/tinyuf2/lib/tinyusb/src/device/usbd_control.o
 .debug_abbrev  0x0000000000001f84      0x5f6 ./App/src/tinyuf2/lib/tinyusb/src/portable/st/stm32_fsdev/dcd_stm32_fsdev.o
 .debug_abbrev  0x000000000000257a      0x458 ./App/src/tinyuf2/lib/tinyusb/src/tusb.o
 .debug_abbrev  0x00000000000029d2      0x32b ./App/src/tinyuf2/ports/stm32f1/board_flash.o
 .debug_abbrev  0x0000000000002cfd      0x485 ./App/src/tinyuf2/ports/stm32f1/boards.o
 .debug_abbrev  0x0000000000003182      0x376 ./App/src/tinyuf2/src/ghostfat.o
 .debug_abbrev  0x00000000000034f8      0x248 ./App/src/tinyuf2/src/msc.o
 .debug_abbrev  0x0000000000003740      0x1f1 ./App/src/tinyuf2/src/usb_descriptors.o
 .debug_abbrev  0x0000000000003931      0x2f3 ./Core/Src/main.o
 .debug_abbrev  0x0000000000003c24       0xfc ./Core/Src/stm32f1xx_hal_msp.o
 .debug_abbrev  0x0000000000003d20      0x10f ./Core/Src/stm32f1xx_it.o
 .debug_abbrev  0x0000000000003e2f      0x141 ./Core/Src/system_stm32f1xx.o
 .debug_abbrev  0x0000000000003f70       0x12 ./Core/Startup/startup_stm32f103c8tx.o
 .debug_abbrev  0x0000000000003f82      0x277 ./Drivers/STM32F1xx_HAL_Driver/Src/stm32f1xx_hal.o
 .debug_abbrev  0x00000000000041f9      0x352 ./Drivers/STM32F1xx_HAL_Driver/Src/stm32f1xx_hal_cortex.o
 .debug_abbrev  0x000000000000454b      0x30b ./Drivers/STM32F1xx_HAL_Driver/Src/stm32f1xx_hal_flash.o
 .debug_abbrev  0x0000000000004856      0x2f6 ./Drivers/STM32F1xx_HAL_Driver/Src/stm32f1xx_hal_flash_ex.o
 .debug_abbrev  0x0000000000004b4c      0x1e7 ./Drivers/STM32F1xx_HAL_Driver/Src/stm32f1xx_hal_gpio.o
 .debug_abbrev  0x0000000000004d33      0x2f5 ./Drivers/STM32F1xx_HAL_Driver/Src/stm32f1xx_hal_rcc.o
 .debug_abbrev  0x0000000000005028      0x375 ./Drivers/STM32F1xx_HAL_Driver/Src/stm32f1xx_ll_utils.o

.debug_aranges  0x0000000000000000      0xb78
 .debug_aranges
                0x0000000000000000       0x28 ./App/ap.o
 .debug_aranges
                0x0000000000000028       0x30 ./App/src/button.o
 .debug_aranges
                0x0000000000000058       0x38 ./App/src/led.o
 .debug_aranges
                0x0000000000000090       0x50 ./App/src/tinyuf2.o
 .debug_aranges
                0x00000000000000e0       0x28 ./App/src/utils.o
 .debug_aranges
                0x0000000000000108       0x78 ./App/src/tinyuf2/lib/tinyusb/src/class/hid/hid_device.o
 .debug_aranges
                0x0000000000000180       0x68 ./App/src/tinyuf2/lib/tinyusb/src/class/msc/msc_device.o
 .debug_aranges
                0x00000000000001e8       0xf0 ./App/src/tinyuf2/lib/tinyusb/src/common/tusb_fifo.o
 .debug_aranges
                0x00000000000002d8      0x100 ./App/src/tinyuf2/lib/tinyusb/src/device/usbd.o
 .debug_aranges
                0x00000000000003d8       0x58 ./App/src/tinyuf2/lib/tinyusb/src/device/usbd_control.o
 .debug_aranges
                0x0000000000000430       0xc0 ./App/src/tinyuf2/lib/tinyusb/src/portable/st/stm32_fsdev/dcd_stm32_fsdev.o
 .debug_aranges
                0x00000000000004f0       0x98 ./App/src/tinyuf2/lib/tinyusb/src/tusb.o
 .debug_aranges
                0x0000000000000588       0x40 ./App/src/tinyuf2/ports/stm32f1/board_flash.o
 .debug_aranges
                0x00000000000005c8       0x90 ./App/src/tinyuf2/ports/stm32f1/boards.o
 .debug_aranges
                0x0000000000000658       0x38 ./App/src/tinyuf2/src/ghostfat.o
 .debug_aranges
                0x0000000000000690       0x58 ./App/src/tinyuf2/src/msc.o
 .debug_aranges
                0x00000000000006e8       0x38 ./App/src/tinyuf2/src/usb_descriptors.o
 .debug_aranges
                0x0000000000000720       0x30 ./Core/Src/main.o
 .debug_aranges
                0x0000000000000750       0x20 ./Core/Src/stm32f1xx_hal_msp.o
 .debug_aranges
                0x0000000000000770       0x50 ./Core/Src/stm32f1xx_it.o
 .debug_aranges
                0x00000000000007c0       0x28 ./Core/Src/system_stm32f1xx.o
 .debug_aranges
                0x00000000000007e8       0x28 ./Core/Startup/startup_stm32f103c8tx.o
 .debug_aranges
                0x0000000000000810       0xd8 ./Drivers/STM32F1xx_HAL_Driver/Src/stm32f1xx_hal.o
 .debug_aranges
                0x00000000000008e8       0x90 ./Drivers/STM32F1xx_HAL_Driver/Src/stm32f1xx_hal_cortex.o
 .debug_aranges
                0x0000000000000978       0x78 ./Drivers/STM32F1xx_HAL_Driver/Src/stm32f1xx_hal_flash.o
 .debug_aranges
                0x00000000000009f0       0x58 ./Drivers/STM32F1xx_HAL_Driver/Src/stm32f1xx_hal_flash_ex.o
 .debug_aranges
                0x0000000000000a48       0x58 ./Drivers/STM32F1xx_HAL_Driver/Src/stm32f1xx_hal_gpio.o
 .debug_aranges
                0x0000000000000aa0       0x88 ./Drivers/STM32F1xx_HAL_Driver/Src/stm32f1xx_hal_rcc.o
 .debug_aranges
                0x0000000000000b28       0x50 ./Drivers/STM32F1xx_HAL_Driver/Src/stm32f1xx_ll_utils.o

.debug_ranges   0x0000000000000000     0x2518
 .debug_ranges  0x0000000000000000       0x18 ./App/ap.o
 .debug_ranges  0x0000000000000018       0x20 ./App/src/button.o
 .debug_ranges  0x0000000000000038       0x28 ./App/src/led.o
 .debug_ranges  0x0000000000000060       0x90 ./App/src/tinyuf2.o
 .debug_ranges  0x00000000000000f0       0x18 ./App/src/utils.o
 .debug_ranges  0x0000000000000108      0x178 ./App/src/tinyuf2/lib/tinyusb/src/class/hid/hid_device.o
 .debug_ranges  0x0000000000000280      0x4b8 ./App/src/tinyuf2/lib/tinyusb/src/class/msc/msc_device.o
 .debug_ranges  0x0000000000000738      0x288 ./App/src/tinyuf2/lib/tinyusb/src/common/tusb_fifo.o
 .debug_ranges  0x00000000000009c0      0x438 ./App/src/tinyuf2/lib/tinyusb/src/device/usbd.o
 .debug_ranges  0x0000000000000df8       0xb0 ./App/src/tinyuf2/lib/tinyusb/src/device/usbd_control.o
 .debug_ranges  0x0000000000000ea8      0x830 ./App/src/tinyuf2/lib/tinyusb/src/portable/st/stm32_fsdev/dcd_stm32_fsdev.o
 .debug_ranges  0x00000000000016d8      0x1a0 ./App/src/tinyuf2/lib/tinyusb/src/tusb.o
 .debug_ranges  0x0000000000001878       0xf8 ./App/src/tinyuf2/ports/stm32f1/board_flash.o
 .debug_ranges  0x0000000000001970      0x100 ./App/src/tinyuf2/ports/stm32f1/boards.o
 .debug_ranges  0x0000000000001a70      0x1b8 ./App/src/tinyuf2/src/ghostfat.o
 .debug_ranges  0x0000000000001c28       0x48 ./App/src/tinyuf2/src/msc.o
 .debug_ranges  0x0000000000001c70       0x70 ./App/src/tinyuf2/src/usb_descriptors.o
 .debug_ranges  0x0000000000001ce0       0x88 ./Core/Src/main.o
 .debug_ranges  0x0000000000001d68       0x58 ./Core/Src/stm32f1xx_hal_msp.o
 .debug_ranges  0x0000000000001dc0       0x40 ./Core/Src/stm32f1xx_it.o
 .debug_ranges  0x0000000000001e00       0x18 ./Core/Src/system_stm32f1xx.o
 .debug_ranges  0x0000000000001e18       0x20 ./Core/Startup/startup_stm32f103c8tx.o
 .debug_ranges  0x0000000000001e38       0xc8 ./Drivers/STM32F1xx_HAL_Driver/Src/stm32f1xx_hal.o
 .debug_ranges  0x0000000000001f00      0x148 ./Drivers/STM32F1xx_HAL_Driver/Src/stm32f1xx_hal_cortex.o
 .debug_ranges  0x0000000000002048       0xc0 ./Drivers/STM32F1xx_HAL_Driver/Src/stm32f1xx_hal_flash.o
 .debug_ranges  0x0000000000002108      0x118 ./Drivers/STM32F1xx_HAL_Driver/Src/stm32f1xx_hal_flash_ex.o
 .debug_ranges  0x0000000000002220       0x68 ./Drivers/STM32F1xx_HAL_Driver/Src/stm32f1xx_hal_gpio.o
 .debug_ranges  0x0000000000002288       0xc0 ./Drivers/STM32F1xx_HAL_Driver/Src/stm32f1xx_hal_rcc.o
 .debug_ranges  0x0000000000002348      0x1d0 ./Drivers/STM32F1xx_HAL_Driver/Src/stm32f1xx_ll_utils.o

.debug_macro    0x0000000000000000    0x1e213
 .debug_macro   0x0000000000000000      0x404 ./App/ap.o
 .debug_macro   0x0000000000000404      0xa78 ./App/ap.o
 .debug_macro   0x0000000000000e7c       0x22 ./App/ap.o
 .debug_macro   0x0000000000000e9e       0x22 ./App/ap.o
 .debug_macro   0x0000000000000ec0       0x8e ./App/ap.o
 .debug_macro   0x0000000000000f4e       0x51 ./App/ap.o
 .debug_macro   0x0000000000000f9f      0x103 ./App/ap.o
 .debug_macro   0x00000000000010a2       0x6a ./App/ap.o
 .debug_macro   0x000000000000110c      0x1df ./App/ap.o
 .debug_macro   0x00000000000012eb       0x58 ./App/ap.o
 .debug_macro   0x0000000000001343       0x52 ./App/ap.o
 .debug_macro   0x0000000000001395       0x18 ./App/ap.o
 .debug_macro   0x00000000000013ad       0x3c ./App/ap.o
 .debug_macro   0x00000000000013e9       0x34 ./App/ap.o
 .debug_macro   0x000000000000141d       0x16 ./App/ap.o
 .debug_macro   0x0000000000001433       0x97 ./App/ap.o
 .debug_macro   0x00000000000014ca      0x341 ./App/ap.o
 .debug_macro   0x000000000000180b       0xfd ./App/ap.o
 .debug_macro   0x0000000000001908       0x16 ./App/ap.o
 .debug_macro   0x000000000000191e       0x43 ./App/ap.o
 .debug_macro   0x0000000000001961       0x34 ./App/ap.o
 .debug_macro   0x0000000000001995       0x10 ./App/ap.o
 .debug_macro   0x00000000000019a5       0x58 ./App/ap.o
 .debug_macro   0x00000000000019fd       0x71 ./App/ap.o
 .debug_macro   0x0000000000001a6e       0x1c ./App/ap.o
 .debug_macro   0x0000000000001a8a      0x12a ./App/ap.o
 .debug_macro   0x0000000000001bb4       0x10 ./App/ap.o
 .debug_macro   0x0000000000001bc4       0x1c ./App/ap.o
 .debug_macro   0x0000000000001be0       0x52 ./App/ap.o
 .debug_macro   0x0000000000001c32       0x22 ./App/ap.o
 .debug_macro   0x0000000000001c54       0x10 ./App/ap.o
 .debug_macro   0x0000000000001c64       0x52 ./App/ap.o
 .debug_macro   0x0000000000001cb6       0xd5 ./App/ap.o
 .debug_macro   0x0000000000001d8b       0x1c ./App/ap.o
 .debug_macro   0x0000000000001da7       0x3d ./App/ap.o
 .debug_macro   0x0000000000001de4       0x16 ./App/ap.o
 .debug_macro   0x0000000000001dfa      0x145 ./App/ap.o
 .debug_macro   0x0000000000001f3f       0x16 ./App/ap.o
 .debug_macro   0x0000000000001f55       0x35 ./App/ap.o
 .debug_macro   0x0000000000001f8a       0x20 ./App/ap.o
 .debug_macro   0x0000000000001faa       0x16 ./App/ap.o
 .debug_macro   0x0000000000001fc0       0x16 ./App/ap.o
 .debug_macro   0x0000000000001fd6       0x29 ./App/ap.o
 .debug_macro   0x0000000000001fff      0x215 ./App/ap.o
 .debug_macro   0x0000000000002214       0x2e ./App/ap.o
 .debug_macro   0x0000000000002242       0x22 ./App/ap.o
 .debug_macro   0x0000000000002264       0x1c ./App/ap.o
 .debug_macro   0x0000000000002280       0x22 ./App/ap.o
 .debug_macro   0x00000000000022a2       0xbd ./App/ap.o
 .debug_macro   0x000000000000235f      0xd23 ./App/ap.o
 .debug_macro   0x0000000000003082     0xe09e ./App/ap.o
 .debug_macro   0x0000000000011120       0x6d ./App/ap.o
 .debug_macro   0x000000000001118d     0x3468 ./App/ap.o
 .debug_macro   0x00000000000145f5       0x56 ./App/ap.o
 .debug_macro   0x000000000001464b      0x5be ./App/ap.o
 .debug_macro   0x0000000000014c09      0x289 ./App/ap.o
 .debug_macro   0x0000000000014e92      0x1cb ./App/ap.o
 .debug_macro   0x000000000001505d      0x114 ./App/ap.o
 .debug_macro   0x0000000000015171      0x1b2 ./App/ap.o
 .debug_macro   0x0000000000015323       0x27 ./App/ap.o
 .debug_macro   0x000000000001534a      0x136 ./App/ap.o
 .debug_macro   0x0000000000015480      0x1bc ./App/ap.o
 .debug_macro   0x000000000001563c       0x34 ./App/ap.o
 .debug_macro   0x0000000000015670       0x3c ./App/ap.o
 .debug_macro   0x00000000000156ac       0x57 ./App/ap.o
 .debug_macro   0x0000000000015703       0x88 ./App/ap.o
 .debug_macro   0x000000000001578b      0x241 ./App/ap.o
 .debug_macro   0x00000000000159cc      0x141 ./App/ap.o
 .debug_macro   0x0000000000015b0d       0x65 ./App/ap.o
 .debug_macro   0x0000000000015b72      0x249 ./App/ap.o
 .debug_macro   0x0000000000015dbb       0x83 ./App/ap.o
 .debug_macro   0x0000000000015e3e      0x2be ./App/ap.o
 .debug_macro   0x00000000000160fc       0xd7 ./App/ap.o
 .debug_macro   0x00000000000161d3       0x74 ./App/ap.o
 .debug_macro   0x0000000000016247       0xd0 ./App/ap.o
 .debug_macro   0x0000000000016317       0x28 ./App/ap.o
 .debug_macro   0x000000000001633f       0x2a ./App/ap.o
 .debug_macro   0x0000000000016369       0x90 ./App/ap.o
 .debug_macro   0x00000000000163f9      0x287 ./App/ap.o
 .debug_macro   0x0000000000016680      0x22a ./App/ap.o
 .debug_macro   0x00000000000168aa       0x10 ./App/ap.o
 .debug_macro   0x00000000000168ba       0x40 ./App/ap.o
 .debug_macro   0x00000000000168fa       0x10 ./App/ap.o
 .debug_macro   0x000000000001690a      0x3ed ./App/src/button.o
 .debug_macro   0x0000000000016cf7      0x3e7 ./App/src/led.o
 .debug_macro   0x00000000000170de      0x51f ./App/src/tinyuf2.o
 .debug_macro   0x00000000000175fd       0x4c ./App/src/tinyuf2.o
 .debug_macro   0x0000000000017649       0x94 ./App/src/tinyuf2.o
 .debug_macro   0x00000000000176dd      0x10e ./App/src/tinyuf2.o
 .debug_macro   0x00000000000177eb       0x8d ./App/src/tinyuf2.o
 .debug_macro   0x0000000000017878       0x57 ./App/src/tinyuf2.o
 .debug_macro   0x00000000000178cf       0x1c ./App/src/tinyuf2.o
 .debug_macro   0x00000000000178eb       0x10 ./App/src/tinyuf2.o
 .debug_macro   0x00000000000178fb       0x4c ./App/src/tinyuf2.o
 .debug_macro   0x0000000000017947       0x70 ./App/src/tinyuf2.o
 .debug_macro   0x00000000000179b7      0x178 ./App/src/tinyuf2.o
 .debug_macro   0x0000000000017b2f       0x3a ./App/src/tinyuf2.o
 .debug_macro   0x0000000000017b69       0x6a ./App/src/tinyuf2.o
 .debug_macro   0x0000000000017bd3      0x146 ./App/src/tinyuf2.o
 .debug_macro   0x0000000000017d19      0x229 ./App/src/tinyuf2.o
 .debug_macro   0x0000000000017f42       0x6a ./App/src/tinyuf2.o
 .debug_macro   0x0000000000017fac       0x2c ./App/src/tinyuf2.o
 .debug_macro   0x0000000000017fd8      0x115 ./App/src/tinyuf2.o
 .debug_macro   0x00000000000180ed       0x64 ./App/src/tinyuf2.o
 .debug_macro   0x0000000000018151       0x11 ./App/src/tinyuf2.o
 .debug_macro   0x0000000000018162       0xc7 ./App/src/tinyuf2.o
 .debug_macro   0x0000000000018229       0x25 ./App/src/tinyuf2.o
 .debug_macro   0x000000000001824e       0x28 ./App/src/tinyuf2.o
 .debug_macro   0x0000000000018276       0x1c ./App/src/tinyuf2.o
 .debug_macro   0x0000000000018292       0x1f ./App/src/tinyuf2.o
 .debug_macro   0x00000000000182b1      0x6cb ./App/src/tinyuf2.o
 .debug_macro   0x000000000001897c      0x382 ./App/src/tinyuf2.o
 .debug_macro   0x0000000000018cfe       0x3b ./App/src/tinyuf2.o
 .debug_macro   0x0000000000018d39      0x3e7 ./App/src/utils.o
 .debug_macro   0x0000000000019120      0x2c8 ./App/src/tinyuf2/lib/tinyusb/src/class/hid/hid_device.o
 .debug_macro   0x00000000000193e8      0x174 ./App/src/tinyuf2/lib/tinyusb/src/class/hid/hid_device.o
 .debug_macro   0x000000000001955c       0x10 ./App/src/tinyuf2/lib/tinyusb/src/class/hid/hid_device.o
 .debug_macro   0x000000000001956c      0x37c ./App/src/tinyuf2/lib/tinyusb/src/class/hid/hid_device.o
 .debug_macro   0x00000000000198e8       0x2e ./App/src/tinyuf2/lib/tinyusb/src/class/hid/hid_device.o
 .debug_macro   0x0000000000019916      0x2da ./App/src/tinyuf2/lib/tinyusb/src/class/msc/msc_device.o
 .debug_macro   0x0000000000019bf0      0x2b3 ./App/src/tinyuf2/lib/tinyusb/src/common/tusb_fifo.o
 .debug_macro   0x0000000000019ea3      0x334 ./App/src/tinyuf2/lib/tinyusb/src/device/usbd.o
 .debug_macro   0x000000000001a1d7      0x306 ./App/src/tinyuf2/lib/tinyusb/src/device/usbd_control.o
 .debug_macro   0x000000000001a4dd      0x339 ./App/src/tinyuf2/lib/tinyusb/src/portable/st/stm32_fsdev/dcd_stm32_fsdev.o
 .debug_macro   0x000000000001a816       0x2b ./App/src/tinyuf2/lib/tinyusb/src/portable/st/stm32_fsdev/dcd_stm32_fsdev.o
 .debug_macro   0x000000000001a841      0x306 ./App/src/tinyuf2/lib/tinyusb/src/tusb.o
 .debug_macro   0x000000000001ab47      0x4f5 ./App/src/tinyuf2/ports/stm32f1/board_flash.o
 .debug_macro   0x000000000001b03c      0x4fd ./App/src/tinyuf2/ports/stm32f1/boards.o
 .debug_macro   0x000000000001b539      0x4ee ./App/src/tinyuf2/src/ghostfat.o
 .debug_macro   0x000000000001ba27       0x16 ./App/src/tinyuf2/src/ghostfat.o
 .debug_macro   0x000000000001ba3d      0x1e5 ./App/src/tinyuf2/src/ghostfat.o
 .debug_macro   0x000000000001bc22      0x460 ./App/src/tinyuf2/src/ghostfat.o
 .debug_macro   0x000000000001c082       0x46 ./App/src/tinyuf2/src/ghostfat.o
 .debug_macro   0x000000000001c0c8       0x40 ./App/src/tinyuf2/src/ghostfat.o
 .debug_macro   0x000000000001c108      0x50d ./App/src/tinyuf2/src/msc.o
 .debug_macro   0x000000000001c615      0x513 ./App/src/tinyuf2/src/usb_descriptors.o
 .debug_macro   0x000000000001cb28      0x404 ./Core/Src/main.o
 .debug_macro   0x000000000001cf2c       0x5c ./Core/Src/main.o
 .debug_macro   0x000000000001cf88      0x208 ./Core/Src/stm32f1xx_hal_msp.o
 .debug_macro   0x000000000001d190      0x212 ./Core/Src/stm32f1xx_it.o
 .debug_macro   0x000000000001d3a2      0x1a8 ./Core/Src/system_stm32f1xx.o
 .debug_macro   0x000000000001d54a      0x1cc ./Drivers/STM32F1xx_HAL_Driver/Src/stm32f1xx_hal.o
 .debug_macro   0x000000000001d716      0x1a8 ./Drivers/STM32F1xx_HAL_Driver/Src/stm32f1xx_hal_cortex.o
 .debug_macro   0x000000000001d8be      0x1a8 ./Drivers/STM32F1xx_HAL_Driver/Src/stm32f1xx_hal_flash.o
 .debug_macro   0x000000000001da66      0x1ba ./Drivers/STM32F1xx_HAL_Driver/Src/stm32f1xx_hal_flash_ex.o
 .debug_macro   0x000000000001dc20      0x213 ./Drivers/STM32F1xx_HAL_Driver/Src/stm32f1xx_hal_gpio.o
 .debug_macro   0x000000000001de33      0x1ba ./Drivers/STM32F1xx_HAL_Driver/Src/stm32f1xx_hal_rcc.o
 .debug_macro   0x000000000001dfed      0x226 ./Drivers/STM32F1xx_HAL_Driver/Src/stm32f1xx_ll_utils.o

.debug_line     0x0000000000000000    0x1951e
 .debug_line    0x0000000000000000      0x9fc ./App/ap.o
 .debug_line    0x00000000000009fc      0xa02 ./App/src/button.o
 .debug_line    0x00000000000013fe      0xa10 ./App/src/led.o
 .debug_line    0x0000000000001e0e      0xf54 ./App/src/tinyuf2.o
 .debug_line    0x0000000000002d62      0x9d4 ./App/src/utils.o
 .debug_line    0x0000000000003736     0x1046 ./App/src/tinyuf2/lib/tinyusb/src/class/hid/hid_device.o
 .debug_line    0x000000000000477c     0x186a ./App/src/tinyuf2/lib/tinyusb/src/class/msc/msc_device.o
 .debug_line    0x0000000000005fe6     0x1482 ./App/src/tinyuf2/lib/tinyusb/src/common/tusb_fifo.o
 .debug_line    0x0000000000007468     0x1c7e ./App/src/tinyuf2/lib/tinyusb/src/device/usbd.o
 .debug_line    0x00000000000090e6      0xca0 ./App/src/tinyuf2/lib/tinyusb/src/device/usbd_control.o
 .debug_line    0x0000000000009d86     0x2139 ./App/src/tinyuf2/lib/tinyusb/src/portable/st/stm32_fsdev/dcd_stm32_fsdev.o
 .debug_line    0x000000000000bebf     0x10ae ./App/src/tinyuf2/lib/tinyusb/src/tusb.o
 .debug_line    0x000000000000cf6d      0xed1 ./App/src/tinyuf2/ports/stm32f1/board_flash.o
 .debug_line    0x000000000000de3e     0x10c4 ./App/src/tinyuf2/ports/stm32f1/boards.o
 .debug_line    0x000000000000ef02      0xf39 ./App/src/tinyuf2/src/ghostfat.o
 .debug_line    0x000000000000fe3b      0xf06 ./App/src/tinyuf2/src/msc.o
 .debug_line    0x0000000000010d41      0xe3f ./App/src/tinyuf2/src/usb_descriptors.o
 .debug_line    0x0000000000011b80      0xc94 ./Core/Src/main.o
 .debug_line    0x0000000000012814      0x766 ./Core/Src/stm32f1xx_hal_msp.o
 .debug_line    0x0000000000012f7a      0x82d ./Core/Src/stm32f1xx_it.o
 .debug_line    0x00000000000137a7      0x707 ./Core/Src/system_stm32f1xx.o
 .debug_line    0x0000000000013eae       0x87 ./Core/Startup/startup_stm32f103c8tx.o
 .debug_line    0x0000000000013f35      0x9a0 ./Drivers/STM32F1xx_HAL_Driver/Src/stm32f1xx_hal.o
 .debug_line    0x00000000000148d5      0xb41 ./Drivers/STM32F1xx_HAL_Driver/Src/stm32f1xx_hal_cortex.o
 .debug_line    0x0000000000015416      0xc5a ./Drivers/STM32F1xx_HAL_Driver/Src/stm32f1xx_hal_flash.o
 .debug_line    0x0000000000016070      0xd7f ./Drivers/STM32F1xx_HAL_Driver/Src/stm32f1xx_hal_flash_ex.o
 .debug_line    0x0000000000016def      0xa44 ./Drivers/STM32F1xx_HAL_Driver/Src/stm32f1xx_hal_gpio.o
 .debug_line    0x0000000000017833     0x107e ./Drivers/STM32F1xx_HAL_Driver/Src/stm32f1xx_hal_rcc.o
 .debug_line    0x00000000000188b1      0xc6d ./Drivers/STM32F1xx_HAL_Driver/Src/stm32f1xx_ll_utils.o

.debug_str      0x0000000000000000    0x9b452
 .debug_str     0x0000000000000000    0x854d1 ./App/ap.o
                                      0x85950 (size before relaxing)
 .debug_str     0x00000000000854d1       0x3e ./App/src/button.o
                                      0x85944 (size before relaxing)
 .debug_str     0x000000000008550f       0x99 ./App/src/led.o
                                      0x8599d (size before relaxing)
 .debug_str     0x00000000000855a8     0xdc6b ./App/src/tinyuf2.o
                                      0x935b3 (size before relaxing)
 .debug_str     0x0000000000093213       0x38 ./App/src/utils.o
                                      0x8592d (size before relaxing)
 .debug_str     0x000000000009324b      0xb82 ./App/src/tinyuf2/lib/tinyusb/src/class/hid/hid_device.o
                                      0x15aaf (size before relaxing)
 .debug_str     0x0000000000093dcd      0xd67 ./App/src/tinyuf2/lib/tinyusb/src/class/msc/msc_device.o
                                      0x122b8 (size before relaxing)
 .debug_str     0x0000000000094b34      0x442 ./App/src/tinyuf2/lib/tinyusb/src/common/tusb_fifo.o
                                       0xa9ca (size before relaxing)
 .debug_str     0x0000000000094f76      0xbcf ./App/src/tinyuf2/lib/tinyusb/src/device/usbd.o
                                      0x16359 (size before relaxing)
 .debug_str     0x0000000000095b45       0xdd ./App/src/tinyuf2/lib/tinyusb/src/device/usbd_control.o
                                      0x15237 (size before relaxing)
 .debug_str     0x0000000000095c22      0xa3d ./App/src/tinyuf2/lib/tinyusb/src/portable/st/stm32_fsdev/dcd_stm32_fsdev.o
                                      0x5c1db (size before relaxing)
 .debug_str     0x000000000009665f      0x1f0 ./App/src/tinyuf2/lib/tinyusb/src/tusb.o
                                      0x156c6 (size before relaxing)
 .debug_str     0x000000000009684f      0x2b6 ./App/src/tinyuf2/ports/stm32f1/board_flash.o
                                      0x93427 (size before relaxing)
 .debug_str     0x0000000000096b05      0x238 ./App/src/tinyuf2/ports/stm32f1/boards.o
                                      0x9355a (size before relaxing)
 .debug_str     0x0000000000096d3d     0x1fdc ./App/src/tinyuf2/src/ghostfat.o
                                      0x88196 (size before relaxing)
 .debug_str     0x0000000000098d19       0x5e ./App/src/tinyuf2/src/msc.o
                                      0x9371d (size before relaxing)
 .debug_str     0x0000000000098d77      0x861 ./App/src/tinyuf2/src/usb_descriptors.o
                                      0x93f5c (size before relaxing)
 .debug_str     0x00000000000995d8      0x1c4 ./Core/Src/main.o
                                      0x85c63 (size before relaxing)
 .debug_str     0x000000000009979c       0x50 ./Core/Src/stm32f1xx_hal_msp.o
                                      0x818d9 (size before relaxing)
 .debug_str     0x00000000000997ec       0xc9 ./Core/Src/stm32f1xx_it.o
                                      0x818ff (size before relaxing)
 .debug_str     0x00000000000998b5       0x6e ./Core/Src/system_stm32f1xx.o
                                      0x7d3e7 (size before relaxing)
 .debug_str     0x0000000000099923       0x36 ./Core/Startup/startup_stm32f103c8tx.o
                                         0x5f (size before relaxing)
 .debug_str     0x0000000000099959      0x34d ./Drivers/STM32F1xx_HAL_Driver/Src/stm32f1xx_hal.o
                                      0x7db1a (size before relaxing)
 .debug_str     0x0000000000099ca6      0x1f8 ./Drivers/STM32F1xx_HAL_Driver/Src/stm32f1xx_hal_cortex.o
                                      0x7da66 (size before relaxing)
 .debug_str     0x0000000000099e9e      0x242 ./Drivers/STM32F1xx_HAL_Driver/Src/stm32f1xx_hal_flash.o
                                      0x7d6c2 (size before relaxing)
 .debug_str     0x000000000009a0e0      0x294 ./Drivers/STM32F1xx_HAL_Driver/Src/stm32f1xx_hal_flash_ex.o
                                      0x7d870 (size before relaxing)
 .debug_str     0x000000000009a374      0x2de ./Drivers/STM32F1xx_HAL_Driver/Src/stm32f1xx_hal_gpio.o
                                      0x7d76d (size before relaxing)
 .debug_str     0x000000000009a652      0x350 ./Drivers/STM32F1xx_HAL_Driver/Src/stm32f1xx_hal_rcc.o
                                      0x7d816 (size before relaxing)
 .debug_str     0x000000000009a9a2      0xab0 ./Drivers/STM32F1xx_HAL_Driver/Src/stm32f1xx_ll_utils.o
                                      0x7f588 (size before relaxing)

.comment        0x0000000000000000       0x50
 .comment       0x0000000000000000       0x50 ./App/ap.o
                                         0x51 (size before relaxing)
 .comment       0x0000000000000050       0x51 ./App/src/button.o
 .comment       0x0000000000000050       0x51 ./App/src/led.o
 .comment       0x0000000000000050       0x51 ./App/src/tinyuf2.o
 .comment       0x0000000000000050       0x51 ./App/src/utils.o
 .comment       0x0000000000000050       0x51 ./App/src/tinyuf2/lib/tinyusb/src/class/hid/hid_device.o
 .comment       0x0000000000000050       0x51 ./App/src/tinyuf2/lib/tinyusb/src/class/msc/msc_device.o
 .comment       0x0000000000000050       0x51 ./App/src/tinyuf2/lib/tinyusb/src/common/tusb_fifo.o
 .comment       0x0000000000000050       0x51 ./App/src/tinyuf2/lib/tinyusb/src/device/usbd.o
 .comment       0x0000000000000050       0x51 ./App/src/tinyuf2/lib/tinyusb/src/device/usbd_control.o
 .comment       0x0000000000000050       0x51 ./App/src/tinyuf2/lib/tinyusb/src/portable/st/stm32_fsdev/dcd_stm32_fsdev.o
 .comment       0x0000000000000050       0x51 ./App/src/tinyuf2/lib/tinyusb/src/tusb.o
 .comment       0x0000000000000050       0x51 ./App/src/tinyuf2/ports/stm32f1/board_flash.o
 .comment       0x0000000000000050       0x51 ./App/src/tinyuf2/ports/stm32f1/boards.o
 .comment       0x0000000000000050       0x51 ./App/src/tinyuf2/src/ghostfat.o
 .comment       0x0000000000000050       0x51 ./App/src/tinyuf2/src/msc.o
 .comment       0x0000000000000050       0x51 ./App/src/tinyuf2/src/usb_descriptors.o
 .comment       0x0000000000000050       0x51 ./Core/Src/main.o
 .comment       0x0000000000000050       0x51 ./Core/Src/stm32f1xx_hal_msp.o
 .comment       0x0000000000000050       0x51 ./Core/Src/stm32f1xx_it.o
 .comment       0x0000000000000050       0x51 ./Core/Src/system_stm32f1xx.o
 .comment       0x0000000000000050       0x51 ./Drivers/STM32F1xx_HAL_Driver/Src/stm32f1xx_hal.o
 .comment       0x0000000000000050       0x51 ./Drivers/STM32F1xx_HAL_Driver/Src/stm32f1xx_hal_cortex.o
 .comment       0x0000000000000050       0x51 ./Drivers/STM32F1xx_HAL_Driver/Src/stm32f1xx_hal_flash.o
 .comment       0x0000000000000050       0x51 ./Drivers/STM32F1xx_HAL_Driver/Src/stm32f1xx_hal_flash_ex.o
 .comment       0x0000000000000050       0x51 ./Drivers/STM32F1xx_HAL_Driver/Src/stm32f1xx_hal_gpio.o
 .comment       0x0000000000000050       0x51 ./Drivers/STM32F1xx_HAL_Driver/Src/stm32f1xx_hal_rcc.o
 .comment       0x0000000000000050       0x51 ./Drivers/STM32F1xx_HAL_Driver/Src/stm32f1xx_ll_utils.o

.debug_frame    0x0000000000000000     0x1bc4
 .debug_frame   0x0000000000000000       0x3c ./App/ap.o
 .debug_frame   0x000000000000003c       0x40 ./App/src/button.o
 .debug_frame   0x000000000000007c       0x50 ./App/src/led.o
 .debug_frame   0x00000000000000cc       0xac ./App/src/tinyuf2.o
 .debug_frame   0x0000000000000178       0x30 ./App/src/utils.o
 .debug_frame   0x00000000000001a8      0x164 ./App/src/tinyuf2/lib/tinyusb/src/class/hid/hid_device.o
 .debug_frame   0x000000000000030c      0x144 ./App/src/tinyuf2/lib/tinyusb/src/class/msc/msc_device.o
 .debug_frame   0x0000000000000450      0x290 ./App/src/tinyuf2/lib/tinyusb/src/common/tusb_fifo.o
 .debug_frame   0x00000000000006e0      0x2d0 ./App/src/tinyuf2/lib/tinyusb/src/device/usbd.o
 .debug_frame   0x00000000000009b0       0xd8 ./App/src/tinyuf2/lib/tinyusb/src/device/usbd_control.o
 .debug_frame   0x0000000000000a88      0x1e8 ./App/src/tinyuf2/lib/tinyusb/src/portable/st/stm32_fsdev/dcd_stm32_fsdev.o
 .debug_frame   0x0000000000000c70      0x18c ./App/src/tinyuf2/lib/tinyusb/src/tusb.o
 .debug_frame   0x0000000000000dfc       0xac ./App/src/tinyuf2/ports/stm32f1/board_flash.o
 .debug_frame   0x0000000000000ea8      0x170 ./App/src/tinyuf2/ports/stm32f1/boards.o
 .debug_frame   0x0000000000001018       0x9c ./App/src/tinyuf2/src/ghostfat.o
 .debug_frame   0x00000000000010b4       0xe4 ./App/src/tinyuf2/src/msc.o
 .debug_frame   0x0000000000001198       0x6c ./App/src/tinyuf2/src/usb_descriptors.o
 .debug_frame   0x0000000000001204       0x50 ./Core/Src/main.o
 .debug_frame   0x0000000000001254       0x28 ./Core/Src/stm32f1xx_hal_msp.o
 .debug_frame   0x000000000000127c       0xac ./Core/Src/stm32f1xx_it.o
 .debug_frame   0x0000000000001328       0x30 ./Core/Src/system_stm32f1xx.o
 .debug_frame   0x0000000000001358      0x1d4 ./Drivers/STM32F1xx_HAL_Driver/Src/stm32f1xx_hal.o
 .debug_frame   0x000000000000152c      0x120 ./Drivers/STM32F1xx_HAL_Driver/Src/stm32f1xx_hal_cortex.o
 .debug_frame   0x000000000000164c      0x11c ./Drivers/STM32F1xx_HAL_Driver/Src/stm32f1xx_hal_flash.o
 .debug_frame   0x0000000000001768       0xe0 ./Drivers/STM32F1xx_HAL_Driver/Src/stm32f1xx_hal_flash_ex.o
 .debug_frame   0x0000000000001848       0xd8 ./Drivers/STM32F1xx_HAL_Driver/Src/stm32f1xx_hal_gpio.o
 .debug_frame   0x0000000000001920      0x150 ./Drivers/STM32F1xx_HAL_Driver/Src/stm32f1xx_hal_rcc.o
 .debug_frame   0x0000000000001a70       0xb8 ./Drivers/STM32F1xx_HAL_Driver/Src/stm32f1xx_ll_utils.o
 .debug_frame   0x0000000000001b28       0x2c c:/st/stm32cubeide_1.11.2/stm32cubeide/plugins/com.st.stm32cube.ide.mcu.externaltools.gnu-tools-for-stm32.10.3-2021.10.win32_1.0.100.202210260954/tools/bin/../lib/gcc/arm-none-eabi/10.3.1/../../../../arm-none-eabi/lib/thumb/v7-m/nofp\libc_nano.a(lib_a-init.o)
 .debug_frame   0x0000000000001b54       0x28 c:/st/stm32cubeide_1.11.2/stm32cubeide/plugins/com.st.stm32cube.ide.mcu.externaltools.gnu-tools-for-stm32.10.3-2021.10.win32_1.0.100.202210260954/tools/bin/../lib/gcc/arm-none-eabi/10.3.1/../../../../arm-none-eabi/lib/thumb/v7-m/nofp\libc_nano.a(lib_a-memcpy-stub.o)
 .debug_frame   0x0000000000001b7c       0x28 c:/st/stm32cubeide_1.11.2/stm32cubeide/plugins/com.st.stm32cube.ide.mcu.externaltools.gnu-tools-for-stm32.10.3-2021.10.win32_1.0.100.202210260954/tools/bin/../lib/gcc/arm-none-eabi/10.3.1/../../../../arm-none-eabi/lib/thumb/v7-m/nofp\libc_nano.a(lib_a-memmove.o)
 .debug_frame   0x0000000000001ba4       0x20 c:/st/stm32cubeide_1.11.2/stm32cubeide/plugins/com.st.stm32cube.ide.mcu.externaltools.gnu-tools-for-stm32.10.3-2021.10.win32_1.0.100.202210260954/tools/bin/../lib/gcc/arm-none-eabi/10.3.1/../../../../arm-none-eabi/lib/thumb/v7-m/nofp\libc_nano.a(lib_a-memset.o)

.debug_loc      0x0000000000000000     0xd952
 .debug_loc     0x0000000000000000       0x4a ./App/src/button.o
 .debug_loc     0x000000000000004a       0x96 ./App/src/led.o
 .debug_loc     0x00000000000000e0       0xf0 ./App/src/tinyuf2.o
 .debug_loc     0x00000000000001d0       0x25 ./App/src/utils.o
 .debug_loc     0x00000000000001f5      0xca8 ./App/src/tinyuf2/lib/tinyusb/src/class/hid/hid_device.o
 .debug_loc     0x0000000000000e9d     0x1c31 ./App/src/tinyuf2/lib/tinyusb/src/class/msc/msc_device.o
 .debug_loc     0x0000000000002ace     0x1f58 ./App/src/tinyuf2/lib/tinyusb/src/common/tusb_fifo.o
 .debug_loc     0x0000000000004a26     0x1c60 ./App/src/tinyuf2/lib/tinyusb/src/device/usbd.o
 .debug_loc     0x0000000000006686      0x43e ./App/src/tinyuf2/lib/tinyusb/src/device/usbd_control.o
 .debug_loc     0x0000000000006ac4     0x2e08 ./App/src/tinyuf2/lib/tinyusb/src/portable/st/stm32_fsdev/dcd_stm32_fsdev.o
 .debug_loc     0x00000000000098cc      0x99e ./App/src/tinyuf2/lib/tinyusb/src/tusb.o
 .debug_loc     0x000000000000a26a      0x3c2 ./App/src/tinyuf2/ports/stm32f1/board_flash.o
 .debug_loc     0x000000000000a62c      0x15c ./App/src/tinyuf2/ports/stm32f1/boards.o
 .debug_loc     0x000000000000a788      0x6a0 ./App/src/tinyuf2/src/ghostfat.o
 .debug_loc     0x000000000000ae28      0x47d ./App/src/tinyuf2/src/msc.o
 .debug_loc     0x000000000000b2a5      0x220 ./App/src/tinyuf2/src/usb_descriptors.o
 .debug_loc     0x000000000000b4c5       0xb6 ./Core/Src/main.o
 .debug_loc     0x000000000000b57b       0x15 ./Core/Src/stm32f1xx_hal_msp.o
 .debug_loc     0x000000000000b590       0xe7 ./Core/Src/system_stm32f1xx.o
 .debug_loc     0x000000000000b677      0x139 ./Drivers/STM32F1xx_HAL_Driver/Src/stm32f1xx_hal.o
 .debug_loc     0x000000000000b7b0      0x4c5 ./Drivers/STM32F1xx_HAL_Driver/Src/stm32f1xx_hal_cortex.o
 .debug_loc     0x000000000000bc75      0x39f ./Drivers/STM32F1xx_HAL_Driver/Src/stm32f1xx_hal_flash.o
 .debug_loc     0x000000000000c014      0x81f ./Drivers/STM32F1xx_HAL_Driver/Src/stm32f1xx_hal_flash_ex.o
 .debug_loc     0x000000000000c833      0x41b ./Drivers/STM32F1xx_HAL_Driver/Src/stm32f1xx_hal_gpio.o
 .debug_loc     0x000000000000cc4e      0x5f1 ./Drivers/STM32F1xx_HAL_Driver/Src/stm32f1xx_hal_rcc.o
 .debug_loc     0x000000000000d23f      0x713 ./Drivers/STM32F1xx_HAL_Driver/Src/stm32f1xx_ll_utils.o
