../Drivers/CMSIS/Include/core_cm3.h:1762:34:__NVIC_SystemReset	0	static,ignoring_inline_asm
../App/src/tinyuf2/ports/stm32f1/boards.c:42:6:board_init	48	static
../App/src/tinyuf2/ports/stm32f1/boards.c:66:6:board_dfu_init	32	static
../App/src/tinyuf2/ports/stm32f1/boards.c:96:6:board_reset	8	static
../App/src/tinyuf2/ports/stm32f1/boards.c:101:6:board_dfu_complete	8	static
../App/src/tinyuf2/ports/stm32f1/boards.c:106:6:board_app_valid	0	static
../App/src/tinyuf2/ports/stm32f1/boards.c:126:6:board_app_jump	16	static,ignoring_inline_asm
../App/src/tinyuf2/ports/stm32f1/boards.c:178:9:board_usb_get_serial	0	static
../App/src/tinyuf2/ports/stm32f1/boards.c:194:6:board_led_write	0	static
../App/src/tinyuf2/ports/stm32f1/boards.c:268:6:board_rgb_write	0	static
../App/src/tinyuf2/ports/stm32f1/boards.c:282:6:board_timer_start	0	static
../App/src/tinyuf2/ports/stm32f1/boards.c:288:6:board_timer_stop	0	static
../App/src/tinyuf2/ports/stm32f1/boards.c:294:6:board_timer_tick	0	static
../App/src/tinyuf2/ports/stm32f1/boards.c:305:5:board_uart_write	0	static
../App/src/tinyuf2/ports/stm32f1/boards.c:319:6:USB_HP_CAN1_TX_IRQHandler	0	static
../App/src/tinyuf2/ports/stm32f1/boards.c:324:6:USB_LP_CAN1_RX0_IRQHandler	0	static
../App/src/tinyuf2/ports/stm32f1/boards.c:329:6:USBWakeUp_IRQHandler	0	static
../App/src/tinyuf2/ports/stm32f1/boards.c:336:6:_init	0	static
