D:/git/stm32f103_uf2/stm32f103_uf2/App/src/tinyuf2/lib/tinyusb/src/portable/st/stm32_fsdev/dcd_stm32_fsdev_pvt_st.h:381:20:pcd_clear_tx_dtog.constprop	0	static
D:/git/stm32f103_uf2/stm32f103_uf2/App/src/tinyuf2/lib/tinyusb/src/portable/st/stm32_fsdev/dcd_stm32_fsdev_pvt_st.h:372:20:pcd_clear_rx_dtog.constprop	0	static
D:/git/stm32f103_uf2/stm32f103_uf2/App/src/tinyuf2/lib/tinyusb/src/portable/st/stm32_fsdev/dcd_stm32_fsdev_pvt_st.h:317:20:pcd_set_ep_rx_status.constprop	0	static
D:/git/stm32f103_uf2/stm32f103_uf2/App/src/tinyuf2/lib/tinyusb/src/portable/st/stm32_fsdev/dcd_stm32_fsdev_pvt_st.h:245:31:pcd_btable_word_ptr.constprop	0	static
D:/git/stm32f103_uf2/stm32f103_uf2/App/src/tinyuf2/lib/tinyusb/src/portable/st/stm32_fsdev/dcd_stm32_fsdev_pvt_st.h:277:20:pcd_set_ep_rx_cnt.constprop	8	static
../App/src/tinyuf2/lib/tinyusb/src/portable/st/stm32_fsdev/dcd_stm32_fsdev.c:873:13:dcd_transmit_packet	16	static
../App/src/tinyuf2/lib/tinyusb/src/portable/st/stm32_fsdev/dcd_stm32_fsdev.c:298:6:dcd_sof_enable	0	static
../App/src/tinyuf2/lib/tinyusb/src/portable/st/stm32_fsdev/dcd_stm32_fsdev.c:307:6:dcd_int_enable	0	static,ignoring_inline_asm
../App/src/tinyuf2/lib/tinyusb/src/portable/st/stm32_fsdev/dcd_stm32_fsdev.c:358:6:dcd_int_disable	0	static,ignoring_inline_asm
../App/src/tinyuf2/lib/tinyusb/src/portable/st/stm32_fsdev/dcd_stm32_fsdev.c:419:6:dcd_remote_wakeup	0	static
../App/src/tinyuf2/lib/tinyusb/src/portable/st/stm32_fsdev/dcd_stm32_fsdev.c:678:6:dcd_edpt0_status_complete	0	static
../App/src/tinyuf2/lib/tinyusb/src/portable/st/stm32_fsdev/dcd_stm32_fsdev.c:776:6:dcd_edpt_open	32	static,ignoring_inline_asm
../App/src/tinyuf2/lib/tinyusb/src/portable/st/stm32_fsdev/dcd_stm32_fsdev.c:449:13:dcd_handle_bus_reset	8	static
../App/src/tinyuf2/lib/tinyusb/src/portable/st/stm32_fsdev/dcd_stm32_fsdev.c:221:6:dcd_init	8	static,ignoring_inline_asm
../App/src/tinyuf2/lib/tinyusb/src/portable/st/stm32_fsdev/dcd_stm32_fsdev.c:602:6:dcd_int_handler	64	static
../App/src/tinyuf2/lib/tinyusb/src/portable/st/stm32_fsdev/dcd_stm32_fsdev.c:840:6:dcd_edpt_close_all	0	static
../App/src/tinyuf2/lib/tinyusb/src/portable/st/stm32_fsdev/dcd_stm32_fsdev.c:853:6:dcd_edpt_close	16	static,ignoring_inline_asm
../App/src/tinyuf2/lib/tinyusb/src/portable/st/stm32_fsdev/dcd_stm32_fsdev.c:899:6:dcd_edpt_xfer	24	static
../App/src/tinyuf2/lib/tinyusb/src/portable/st/stm32_fsdev/dcd_stm32_fsdev.c:407:6:dcd_set_address	0	static
../App/src/tinyuf2/lib/tinyusb/src/portable/st/stm32_fsdev/dcd_stm32_fsdev.c:969:6:dcd_edpt_stall	0	static
../App/src/tinyuf2/lib/tinyusb/src/portable/st/stm32_fsdev/dcd_stm32_fsdev.c:983:6:dcd_edpt_clear_stall	8	static
